<html>
<body>
<pre>
<h1>µVision Build Log</h1>
<h2>Tool Versions:</h2>
IDE-Version: ¦ÌVision V5.23.0.0
Copyright (C) 2017 ARM Ltd and ARM Germany GmbH. All rights reserved.
License Information: hello hello, hello, LIC=EXJT4-FJCEQ-FW62N-Y6RYE-I3FT8-VSMF0
 
Tool Versions:
Toolchain:       MDK-ARM Plus  Version: 5.23
Toolchain Path:  C:\Keil_v5\ARM\ARMCC\Bin
C Compiler:      Armcc.exe V5.06 update 4 (build 422)
Assembler:       Armasm.exe V5.06 update 4 (build 422)
Linker/Locator:  ArmLink.exe V5.06 update 4 (build 422)
Library Manager: ArmAr.exe V5.06 update 4 (build 422)
Hex Converter:   FromElf.exe V5.06 update 4 (build 422)
CPU DLL:         
Dialog DLL:      
Target DLL:      Segger\JL2CM3.dll V2.99.23.0
Dialog DLL:      TCM.DLL V1.27.0.0
 
<h2>Project:</h2>
C:\Users\dremo\Desktop\code\beacon_gpiote\examples\ble_peripheral\ble_app_beacon\pca10040\s132\arm5_no_packs\ble_app_beacon_pca10040_s132.uvprojx
Project File Date:  07/22/2020

<h2>Output:</h2>
*** Using Compiler 'V5.06 update 4 (build 422)', folder: 'C:\Keil_v5\ARM\ARMCC\Bin'
Build target 'nrf52832_xxaa'
compiling main.c...
..\..\..\main.c(176): warning:  #550-D: variable "err_code"  was set but never used
      uint32_t err_code;
..\..\..\main.c(285): warning:  #177-D: variable "err_code"  was declared but never referenced
          uint32_t err_code;
..\..\..\main.c(335): warning:  #550-D: variable "err_code"  was set but never used
      uint32_t err_code;
..\..\..\main.c(74): warning:  #177-D: variable "m_adc_timer_id"  was declared but never referenced
  APP_TIMER_DEF(m_adc_timer_id);
..\..\..\main.c(220): warning:  #177-D: function "adc_timeout_handler"  was declared but never referenced
  static void adc_timeout_handler(void * p_context) {
..\..\..\main.c(252): warning:  #177-D: function "adc_configure"  was declared but never referenced
  static void adc_configure(void)
..\..\..\main.c(333): warning:  #177-D: function "buttons_init"  was declared but never referenced
  static void buttons_init(void)
..\..\..\main.c: 7 warnings, 0 errors
linking...
Program Size: Code=5336 RO-data=1064 RW-data=80 ZI-data=8528  
FromELF: creating hex file...
".\_build\nrf52832_xxaa.axf" - 0 Error(s), 7 Warning(s).

<h2>Software Packages used:</h2>

Package Vendor: ARM
                http://www.keil.com/pack/ARM.CMSIS.4.5.0.pack
                ARM::CMSIS:CORE:4.3.0
                CMSIS (Cortex Microcontroller Software Interface Standard)
   * Component: CORE Version: 4.3.0

Package Vendor: NordicSemiconductor
                http://developer.nordicsemi.com/nRF5_SDK/pieces/nRF_DeviceFamilyPack/NordicSemiconductor.nRF_DeviceFamilyPack.8.11.1.pack
                NordicSemiconductor::Device:Startup:8.11.1
                Nordic Semiconductor nRF ARM devices Device Family Pack.
   * Component: Startup Version: 8.11.1

<h2>Collection of Component include folders:</h2>
  .\RTE\_nrf52832_xxaa
  C:\Keil_v5\ARM\PACK\ARM\CMSIS\4.5.0\CMSIS\Include
  C:\Keil_v5\ARM\PACK\NordicSemiconductor\nRF_DeviceFamilyPack\8.11.1\Device\Include
  C:\Keil_v5\ARM\PACK\NordicSemiconductor\nRF_DeviceFamilyPack\8.24.1\Device\Include

<h2>Collection of Component Files used:</h2>

   * Component: ARM::CMSIS:CORE:4.3.0

   * Component: NordicSemiconductor::Device:Startup:8.11.1
      Source file:   Device\Source\system_nrf52.c
      Include file:  Device\Include\system_nrf52.h
      Source file:   Device\Source\arm\arm_startup_nrf52.s
Build Time Elapsed:  00:00:02
</pre>
</body>
</html>
