<html>
<body>
<pre>
<h1>µVision Build Log</h1>
<h2>Tool Versions:</h2>
IDE-Version: ¦ÌVision V5.29.0.0
Copyright (C) 2019 ARM Ltd and ARM Germany GmbH. All rights reserved.
License Information: Iron Rao`, Shanghgaitech, LIC=9WS9U-S7T5J-LC9JF-64JK5-BPK17-B2ZR6
 
Tool Versions:
Toolchain:       MDK-ARM Plus  Version: 5.29.0.0
Toolchain Path:  C:\Keil_v5MDK\ARM\ARMCC\Bin
C Compiler:      Armcc.exe V5.06 update 6 (build 750)
Assembler:       Armasm.exe V5.06 update 6 (build 750)
Linker/Locator:  ArmLink.exe V5.06 update 6 (build 750)
Library Manager: ArmAr.exe V5.06 update 6 (build 750)
Hex Converter:   FromElf.exe V5.06 update 6 (build 750)
CPU DLL:         
Dialog DLL:      
Target DLL:      Segger\JL2CM3.dll V2.99.36.0
Dialog DLL:      TCM.DLL V1.36.5.0
 
<h2>Project:</h2>
D:\OneDrive\LAB\ViPSN - ¸±±¾\EUU\software\EUU_trans\examples\case of bridge vibration\pca10040\blank\arm5_no_packs\nrf_pwr_mgmt_pca10040.uvprojx
Project File Date:  07/05/2020

<h2>Output:</h2>
*** Using Compiler 'V5.06 update 6 (build 750)', folder: 'C:\Keil_v5MDK\ARM\ARMCC\Bin'
Build target 'nrf52832_xxaa'
compiling nrf_nvic.c...
compiling nrf_soc.c...
compiling boards.c...
compiling bsp_nfc.c...
compiling bsp.c...
compiling nrf_drv_clock.c...
compiling nrfx_clock.c...
compiling main.c...
compiling nrfx_power_clock.c...
compiling nrfx_prs.c...
compiling nrfx_timer.c...
compiling nrf_drv_uart.c...
compiling nrfx_gpiote.c...
compiling nrfx_uart.c...
compiling nrfx_uarte.c...
compiling app_button.c...
compiling app_error.c...
compiling nrf_assert.c...
compiling app_util_platform.c...
compiling app_error_handler_keil.c...
compiling app_scheduler.c...
compiling app_error_weak.c...
compiling nrf_atomic.c...
compiling app_timer.c...
compiling nrf_pwr_mgmt.c...
compiling nrf_fprintf.c...
compiling nrf_section_iter.c...
compiling nrf_strerror.c...
compiling nrf_balloc.c...
compiling nrf_ringbuf.c...
compiling nrf_memobj.c...
compiling nrf_fprintf_format.c...
compiling nrf_log_backend_rtt.c...
compiling retarget.c...
compiling app_fifo.c...
compiling nrf_log_default_backends.c...
compiling nrf_log_backend_serial.c...
compiling SEGGER_RTT_Syscalls_KEIL.c...
compiling nrf_log_backend_uart.c...
compiling app_uart_fifo.c...
compiling app_gpiote.c...
assembling arm_startup_nrf52.s...
compiling system_nrf52.c...
compiling SEGGER_RTT_printf.c...
compiling SEGGER_RTT.c...
compiling nrf_log_str_formatter.c...
compiling nrf_log_frontend.c...
compiling nrf_esb.c...
linking...
Program Size: Code=14928 RO-data=1108 RW-data=300 ZI-data=11396  
FromELF: creating hex file...
".\_build\nrf52832_xxaa.axf" - 0 Error(s), 0 Warning(s).

<h2>Software Packages used:</h2>

Package Vendor: ARM
                http://www.keil.com/pack/ARM.CMSIS.4.5.0.pack
                ARM.CMSIS.4.5.0
                CMSIS (Cortex Microcontroller Software Interface Standard)
   * Component: CORE Version: 4.3.0

Package Vendor: NordicSemiconductor
                http://developer.nordicsemi.com/nRF5_SDK/pieces/nRF_DeviceFamilyPack/NordicSemiconductor.nRF_DeviceFamilyPack.8.17.0.pack
                NordicSemiconductor.nRF_DeviceFamilyPack.8.17.0
                Nordic Semiconductor nRF ARM devices Device Family Pack.
   * Component: Startup Version: 8.17.0

<h2>Collection of Component include folders:</h2>
  .\RTE\_nrf52832_xxaa
  C:\Users\IronRao\AppData\Local\Arm\Packs\ARM\CMSIS\4.5.0\CMSIS\Include
  C:\Users\IronRao\AppData\Local\Arm\Packs\NordicSemiconductor\nRF_DeviceFamilyPack\8.17.0\Device\Include

<h2>Collection of Component Files used:</h2>

   * Component: ARM::CMSIS:CORE:4.3.0

   * Component: NordicSemiconductor::Device:Startup:8.17.0
      Source file:   Device\Source\system_nrf52.c
      Source file:   Device\Source\arm\arm_startup_nrf52.s
      Include file:  Device\Include\system_nrf52.h
Build Time Elapsed:  00:00:08
</pre>
</body>
</html>
