Component: ARM Compiler 5.06 update 5 (build 528) Tool: armlink [4d35e2]

==============================================================================

Section Cross References

    main.o(i.button_handler) refers to main.o(i.clocks_ex) for clocks_ex
    main.o(i.button_handler) refers to app_timer.o(i.app_timer_stop) for app_timer_stop
    main.o(i.button_handler) refers to main.o(i.hclocks_start) for hclocks_start
    main.o(i.button_handler) refers to nrf_esb.o(i.nrf_esb_write_payload) for nrf_esb_write_payload
    main.o(i.button_handler) refers to main.o(.constdata) for .constdata
    main.o(i.button_handler) refers to main.o(.bss) for .bss
    main.o(i.esb_init) refers to memcpya.o(.text) for __aeabi_memcpy4
    main.o(i.esb_init) refers to nrf_esb.o(i.nrf_esb_init) for nrf_esb_init
    main.o(i.esb_init) refers to nrf_esb.o(i.nrf_esb_set_base_address_0) for nrf_esb_set_base_address_0
    main.o(i.esb_init) refers to nrf_esb.o(i.nrf_esb_set_base_address_1) for nrf_esb_set_base_address_1
    main.o(i.esb_init) refers to nrf_esb.o(i.nrf_esb_set_prefixes) for nrf_esb_set_prefixes
    main.o(i.esb_init) refers to nrf_esb.o(i.nrf_esb_set_rf_channel) for nrf_esb_set_rf_channel
    main.o(i.esb_init) refers to main.o(.constdata) for .constdata
    main.o(i.esb_init) refers to main.o(i.nrf_esb_event_handler) for nrf_esb_event_handler
    main.o(i.main) refers to app_timer.o(i.app_timer_init) for app_timer_init
    main.o(i.main) refers to main.o(i.lclocks_start) for lclocks_start
    main.o(i.main) refers to main.o(i.esb_init) for esb_init
    main.o(i.main) refers to app_gpiote.o(i.app_gpiote_init) for app_gpiote_init
    main.o(i.main) refers to app_error.o(i.app_error_handler_bare) for app_error_handler_bare
    main.o(i.main) refers to app_button.o(i.app_button_init) for app_button_init
    main.o(i.main) refers to app_button.o(i.app_button_enable) for app_button_enable
    main.o(i.main) refers to main.o(.bss) for .bss
    main.o(i.main) refers to main.o(.data) for .data
    main.o(i.nrf_esb_event_handler) refers to nrf_esb.o(i.nrf_esb_flush_tx) for nrf_esb_flush_tx
    main.o(i.nrf_esb_event_handler) refers to nrf_esb.o(i.nrf_esb_start_tx) for nrf_esb_start_tx
    main.o(i.uart_config) refers to memcpya.o(.text) for __aeabi_memcpy4
    main.o(i.uart_config) refers to app_uart_fifo.o(i.app_uart_init) for app_uart_init
    main.o(i.uart_config) refers to app_error.o(i.app_error_handler_bare) for app_error_handler_bare
    main.o(i.uart_config) refers to main.o(.constdata) for .constdata
    main.o(i.uart_config) refers to main.o(.bss) for .bss
    main.o(i.uart_config) refers to main.o(i.uart_error_handle) for uart_error_handle
    main.o(i.uart_error_handle) refers to app_error.o(i.app_error_handler_bare) for app_error_handler_bare
    main.o(.constdata) refers to main.o(.bss) for m_led_toggle_timer_id_data
    main.o(.data) refers to main.o(i.button_handler) for button_handler
    boards.o(i.bsp_board_button_idx_to_pin) refers to boards.o(.constdata) for .constdata
    boards.o(i.bsp_board_button_state_get) refers to boards.o(.constdata) for .constdata
    boards.o(i.bsp_board_init) refers to boards.o(i.nrf_gpio_cfg) for nrf_gpio_cfg
    boards.o(i.bsp_board_init) refers to boards.o(i.bsp_board_leds_off) for bsp_board_leds_off
    boards.o(i.bsp_board_init) refers to boards.o(.constdata) for .constdata
    boards.o(i.bsp_board_led_idx_to_pin) refers to boards.o(.constdata) for .constdata
    boards.o(i.bsp_board_led_invert) refers to boards.o(.constdata) for .constdata
    boards.o(i.bsp_board_led_off) refers to boards.o(i.nrf_gpio_pin_write) for nrf_gpio_pin_write
    boards.o(i.bsp_board_led_off) refers to boards.o(.constdata) for .constdata
    boards.o(i.bsp_board_led_on) refers to boards.o(i.nrf_gpio_pin_write) for nrf_gpio_pin_write
    boards.o(i.bsp_board_led_on) refers to boards.o(.constdata) for .constdata
    boards.o(i.bsp_board_led_state_get) refers to boards.o(.constdata) for .constdata
    boards.o(i.bsp_board_leds_off) refers to boards.o(i.bsp_board_led_off) for bsp_board_led_off
    boards.o(i.bsp_board_leds_on) refers to boards.o(i.bsp_board_led_on) for bsp_board_led_on
    boards.o(i.bsp_board_pin_to_button_idx) refers to boards.o(.constdata) for .constdata
    boards.o(i.bsp_board_pin_to_led_idx) refers to boards.o(.constdata) for .constdata
    bsp.o(i.alert_timer_handler) refers to boards.o(i.bsp_board_led_invert) for bsp_board_led_invert
    bsp.o(i.bsp_button_event_handler) refers to boards.o(i.bsp_board_pin_to_button_idx) for bsp_board_pin_to_button_idx
    bsp.o(i.bsp_button_event_handler) refers to app_timer.o(i.app_timer_start) for app_timer_start
    bsp.o(i.bsp_button_event_handler) refers to app_timer.o(i.app_timer_stop) for app_timer_stop
    bsp.o(i.bsp_button_event_handler) refers to bsp.o(.constdata) for .constdata
    bsp.o(i.bsp_button_event_handler) refers to bsp.o(.data) for .data
    bsp.o(i.bsp_button_event_handler) refers to bsp.o(.bss) for .bss
[...]
    channel_free                             0x000010a1   Thumb Code    22  nrfx_gpiote.o(i.channel_free)
    i.channel_port_alloc                     0x000010bc   Section        0  nrfx_gpiote.o(i.channel_port_alloc)
    channel_port_alloc                       0x000010bd   Thumb Code    66  nrfx_gpiote.o(i.channel_port_alloc)
    i.channel_port_get                       0x00001104   Section        0  nrfx_gpiote.o(i.channel_port_get)
    channel_port_get                         0x00001105   Thumb Code    10  nrfx_gpiote.o(i.channel_port_get)
    i.clocks_ex                              0x00001114   Section        0  main.o(i.clocks_ex)
    i.compare_reg_update                     0x00001120   Section        0  app_timer.o(i.compare_reg_update)
    compare_reg_update                       0x00001121   Thumb Code   160  app_timer.o(i.compare_reg_update)
    i.detection_delay_timeout_handler        0x000011cc   Section        0  app_button.o(i.detection_delay_timeout_handler)
    detection_delay_timeout_handler          0x000011cd   Thumb Code   148  app_button.o(i.detection_delay_timeout_handler)
    i.dropped_sat16_get                      0x00001264   Section        0  nrf_log_frontend.o(i.dropped_sat16_get)
    dropped_sat16_get                        0x00001265   Thumb Code    16  nrf_log_frontend.o(i.dropped_sat16_get)
    i.elapsed_ticks_acquire                  0x00001278   Section        0  app_timer.o(i.elapsed_ticks_acquire)
    elapsed_ticks_acquire                    0x00001279   Thumb Code    58  app_timer.o(i.elapsed_ticks_acquire)
    i.esb_init                               0x000012b8   Section        0  main.o(i.esb_init)
    i.gpiote_event_handler                   0x00001348   Section        0  app_button.o(i.gpiote_event_handler)
    gpiote_event_handler                     0x00001349   Thumb Code   122  app_button.o(i.gpiote_event_handler)
    i.hclocks_start                          0x000013cc   Section        0  main.o(i.hclocks_start)
    i.int_print                              0x000013e8   Section        0  nrf_fprintf_format.o(i.int_print)
    int_print                                0x000013e9   Thumb Code   166  nrf_fprintf_format.o(i.int_print)
    i.interrupts_enable                      0x00001490   Section        0  nrfx_uarte.o(i.interrupts_enable)
    interrupts_enable                        0x00001491   Thumb Code   122  nrfx_uarte.o(i.interrupts_enable)
    i.invalid_packets_omit                   0x00001510   Section        0  nrf_log_frontend.o(i.invalid_packets_omit)
    invalid_packets_omit                     0x00001511   Thumb Code    52  nrf_log_frontend.o(i.invalid_packets_omit)
    i.lclocks_start                          0x00001544   Section        0  main.o(i.lclocks_start)
    i.list_insertions_handler                0x00001560   Section        0  app_timer.o(i.list_insertions_handler)
    list_insertions_handler                  0x00001561   Thumb Code   234  app_timer.o(i.list_insertions_handler)
    i.log_skip                               0x00001658   Section        0  nrf_log_frontend.o(i.log_skip)
    log_skip                                 0x00001659   Thumb Code   148  nrf_log_frontend.o(i.log_skip)
    i.main                                   0x000016f4   Section        0  main.o(i.main)
    i.memobj_op                              0x00001728   Section        0  nrf_memobj.o(i.memobj_op)
    memobj_op                                0x00001729   Thumb Code   126  nrf_memobj.o(i.memobj_op)
    i.module_idx_get                         0x000017a8   Section        0  nrf_log_frontend.o(i.module_idx_get)
    module_idx_get                           0x000017a9   Thumb Code    42  nrf_log_frontend.o(i.module_idx_get)
    i.nrf_atomic_flag_clear_fetch            0x000017d8   Section        0  nrf_atomic.o(i.nrf_atomic_flag_clear_fetch)
    i.nrf_atomic_flag_set                    0x000017de   Section        0  nrf_atomic.o(i.nrf_atomic_flag_set)
    i.nrf_atomic_u32_add                     0x000017e4   Section        0  nrf_atomic.o(i.nrf_atomic_u32_add)
    i.nrf_atomic_u32_fetch_and               0x000017f0   Section        0  nrf_atomic.o(i.nrf_atomic_u32_fetch_and)
    i.nrf_atomic_u32_fetch_store             0x000017fa   Section        0  nrf_atomic.o(i.nrf_atomic_u32_fetch_store)
    i.nrf_atomic_u32_or                      0x00001804   Section        0  nrf_atomic.o(i.nrf_atomic_u32_or)
    i.nrf_atomic_u32_sub                     0x00001810   Section        0  nrf_atomic.o(i.nrf_atomic_u32_sub)
    i.nrf_balloc_alloc                       0x0000181c   Section        0  nrf_balloc.o(i.nrf_balloc_alloc)
    i.nrf_balloc_free                        0x0000185a   Section        0  nrf_balloc.o(i.nrf_balloc_free)
    i.nrf_bitmask_bit_is_set                 0x00001884   Section        0  nrfx_gpiote.o(i.nrf_bitmask_bit_is_set)
    nrf_bitmask_bit_is_set                   0x00001885   Thumb Code    16  nrfx_gpiote.o(i.nrf_bitmask_bit_is_set)
    i.nrf_bitmask_bit_set                    0x00001894   Section        0  nrfx_gpiote.o(i.nrf_bitmask_bit_set)
    nrf_bitmask_bit_set                      0x00001895   Thumb Code    20  nrfx_gpiote.o(i.nrf_bitmask_bit_set)
    i.nrf_clock_event_check                  0x000018a8   Section        0  nrfx_clock.o(i.nrf_clock_event_check)
    nrf_clock_event_check                    0x000018a9   Thumb Code    14  nrfx_clock.o(i.nrf_clock_event_check)
    i.nrf_clock_event_clear                  0x000018b6   Section        0  nrfx_clock.o(i.nrf_clock_event_clear)
    nrf_clock_event_clear                    0x000018b7   Thumb Code    16  nrfx_clock.o(i.nrf_clock_event_clear)
    i.nrf_drv_uart_init                      0x000018c8   Section        0  nrf_drv_uart.o(i.nrf_drv_uart_init)
    i.nrf_esb_disable                        0x00001930   Section        0  nrf_esb.o(i.nrf_esb_disable)
    i.nrf_esb_event_handler                  0x00001974   Section        0  main.o(i.nrf_esb_event_handler)
    i.nrf_esb_flush_tx                       0x00001990   Section        0  nrf_esb.o(i.nrf_esb_flush_tx)
    i.nrf_esb_init                           0x000019c0   Section        0  nrf_esb.o(i.nrf_esb_init)
    i.nrf_esb_set_base_address_0             0x00001b2c   Section        0  nrf_esb.o(i.nrf_esb_set_base_address_0)
    i.nrf_esb_set_base_address_1             0x00001b9c   Section        0  nrf_esb.o(i.nrf_esb_set_base_address_1)
    i.nrf_esb_set_prefixes                   0x00001c38   Section        0  nrf_esb.o(i.nrf_esb_set_prefixes)
    i.nrf_esb_set_rf_channel                 0x00001cd4   Section        0  nrf_esb.o(i.nrf_esb_set_rf_channel)
    i.nrf_esb_skip_tx                        0x00001cf4   Section        0  nrf_esb.o(i.nrf_esb_skip_tx)
    i.nrf_esb_start_tx                       0x00001d38   Section        0  nrf_esb.o(i.nrf_esb_start_tx)
    i.nrf_esb_write_payload                  0x00001d60   Section        0  nrf_esb.o(i.nrf_esb_write_payload)
    i.nrf_fprintf                            0x00001e0c   Section        0  nrf_fprintf.o(i.nrf_fprintf)
    i.nrf_fprintf_buffer_flush               0x00001e26   Section        0  nrf_fprintf.o(i.nrf_fprintf_buffer_flush)
    i.nrf_fprintf_fmt                        0x00001e3e   Section        0  nrf_fprintf_format.o(i.nrf_fprintf_fmt)
    i.nrf_gpio_cfg                           0x00002018   Section        0  nrfx_gpiote.o(i.nrf_gpio_cfg)
    nrf_gpio_cfg                             0x00002019   Thumb Code    36  nrfx_gpiote.o(i.nrf_gpio_cfg)
    i.nrf_gpio_cfg                           0x0000203c   Section        0  nrfx_uart.o(i.nrf_gpio_cfg)
    nrf_gpio_cfg                             0x0000203d   Thumb Code    36  nrfx_uart.o(i.nrf_gpio_cfg)
    i.nrf_gpio_cfg                           0x00002060   Section        0  nrfx_uarte.o(i.nrf_gpio_cfg)
    nrf_gpio_cfg                             0x00002061   Thumb Code    36  nrfx_uarte.o(i.nrf_gpio_cfg)
    i.nrf_gpio_cfg_default                   0x00002084   Section        0  nrfx_uart.o(i.nrf_gpio_cfg_default)
    nrf_gpio_cfg_default                     0x00002085   Thumb Code    18  nrfx_uart.o(i.nrf_gpio_cfg_default)
    i.nrf_gpio_cfg_default                   0x00002096   Section        0  nrfx_uarte.o(i.nrf_gpio_cfg_default)
    nrf_gpio_cfg_default                     0x00002097   Thumb Code    18  nrfx_uarte.o(i.nrf_gpio_cfg_default)
    i.nrf_gpio_cfg_input                     0x000020a8   Section        0  nrfx_uart.o(i.nrf_gpio_cfg_input)
    nrf_gpio_cfg_input                       0x000020a9   Thumb Code    18  nrfx_uart.o(i.nrf_gpio_cfg_input)
    i.nrf_gpio_cfg_input                     0x000020ba   Section        0  nrfx_uarte.o(i.nrf_gpio_cfg_input)
    nrf_gpio_cfg_input                       0x000020bb   Thumb Code    18  nrfx_uarte.o(i.nrf_gpio_cfg_input)
    i.nrf_gpio_cfg_output                    0x000020cc   Section        0  nrfx_uart.o(i.nrf_gpio_cfg_output)
    nrf_gpio_cfg_output                      0x000020cd   Thumb Code    20  nrfx_uart.o(i.nrf_gpio_cfg_output)
    i.nrf_gpio_cfg_output                    0x000020e0   Section        0  nrfx_uarte.o(i.nrf_gpio_cfg_output)
    nrf_gpio_cfg_output                      0x000020e1   Thumb Code    20  nrfx_uarte.o(i.nrf_gpio_cfg_output)
    i.nrf_gpio_cfg_sense_set                 0x000020f4   Section        0  nrfx_gpiote.o(i.nrf_gpio_cfg_sense_set)
    nrf_gpio_cfg_sense_set                   0x000020f5   Thumb Code    34  nrfx_gpiote.o(i.nrf_gpio_cfg_sense_set)
    i.nrf_gpio_ports_read                    0x00002118   Section        0  nrfx_gpiote.o(i.nrf_gpio_ports_read)
    nrf_gpio_ports_read                      0x00002119   Thumb Code    34  nrfx_gpiote.o(i.nrf_gpio_ports_read)
    i.nrf_gpiote_event_clear                 0x00002140   Section        0  nrfx_gpiote.o(i.nrf_gpiote_event_clear)
    nrf_gpiote_event_clear                   0x00002141   Thumb Code    16  nrfx_gpiote.o(i.nrf_gpiote_event_clear)
    i.nrf_gpiote_event_is_set                0x00002154   Section        0  nrfx_gpiote.o(i.nrf_gpiote_event_is_set)
    nrf_gpiote_event_is_set                  0x00002155   Thumb Code    12  nrfx_gpiote.o(i.nrf_gpiote_event_is_set)
    i.nrf_log_backend_serial_put             0x00002164   Section        0  nrf_log_backend_serial.o(i.nrf_log_backend_serial_put)
    i.nrf_log_backend_uart_flush             0x0000222c   Section        0  nrf_log_backend_uart.o(i.nrf_log_backend_uart_flush)
    nrf_log_backend_uart_flush               0x0000222d   Thumb Code     2  nrf_log_backend_uart.o(i.nrf_log_backend_uart_flush)
    i.nrf_log_backend_uart_panic_set         0x00002230   Section        0  nrf_log_backend_uart.o(i.nrf_log_backend_uart_panic_set)
    nrf_log_backend_uart_panic_set           0x00002231   Thumb Code    36  nrf_log_backend_uart.o(i.nrf_log_backend_uart_panic_set)
    i.nrf_log_backend_uart_put               0x0000225c   Section        0  nrf_log_backend_uart.o(i.nrf_log_backend_uart_put)
    nrf_log_backend_uart_put                 0x0000225d   Thumb Code    16  nrf_log_backend_uart.o(i.nrf_log_backend_uart_put)
    i.nrf_log_color_id_get                   0x00002274   Section        0  nrf_log_frontend.o(i.nrf_log_color_id_get)
    i.nrf_log_frontend_dequeue               0x000022a4   Section        0  nrf_log_frontend.o(i.nrf_log_frontend_dequeue)
    i.nrf_log_frontend_std_0                 0x000024d4   Section        0  nrf_log_frontend.o(i.nrf_log_frontend_std_0)
    i.nrf_log_hexdump_entry_process          0x000024dc   Section        0  nrf_log_str_formatter.o(i.nrf_log_hexdump_entry_process)
    i.nrf_log_module_cnt_get                 0x00002588   Section        0  nrf_log_frontend.o(i.nrf_log_module_cnt_get)
    i.nrf_log_module_name_get                0x0000259c   Section        0  nrf_log_frontend.o(i.nrf_log_module_name_get)
    i.nrf_log_panic                          0x000025b8   Section        0  nrf_log_frontend.o(i.nrf_log_panic)
    i.nrf_log_std_entry_process              0x000025e4   Section        0  nrf_log_str_formatter.o(i.nrf_log_std_entry_process)
    i.nrf_memobj_alloc                       0x0000269a   Section        0  nrf_memobj.o(i.nrf_memobj_alloc)
    i.nrf_memobj_free                        0x000026fa   Section        0  nrf_memobj.o(i.nrf_memobj_free)
    i.nrf_memobj_get                         0x0000272c   Section        0  nrf_memobj.o(i.nrf_memobj_get)
    i.nrf_memobj_put                         0x00002734   Section        0  nrf_memobj.o(i.nrf_memobj_put)
    i.nrf_memobj_read                        0x00002752   Section        0  nrf_memobj.o(i.nrf_memobj_read)
    i.nrf_memobj_write                       0x00002762   Section        0  nrf_memobj.o(i.nrf_memobj_write)
    i.nrf_uart_event_check                   0x00002772   Section        0  nrfx_uart.o(i.nrf_uart_event_check)
    nrf_uart_event_check                     0x00002773   Thumb Code    10  nrfx_uart.o(i.nrf_uart_event_check)
    i.nrf_uart_event_clear                   0x0000277c   Section        0  nrfx_uart.o(i.nrf_uart_event_clear)
    nrf_uart_event_clear                     0x0000277d   Thumb Code    12  nrfx_uart.o(i.nrf_uart_event_clear)
    i.nrf_uart_int_enable_check              0x00002788   Section        0  nrfx_uart.o(i.nrf_uart_int_enable_check)
    nrf_uart_int_enable_check                0x00002789   Thumb Code    12  nrfx_uart.o(i.nrf_uart_int_enable_check)
    i.nrf_uarte_event_check                  0x00002794   Section        0  nrfx_uarte.o(i.nrf_uarte_event_check)
    nrf_uarte_event_check                    0x00002795   Thumb Code    10  nrfx_uarte.o(i.nrf_uarte_event_check)
    i.nrf_uarte_event_clear                  0x0000279e   Section        0  nrfx_uarte.o(i.nrf_uarte_event_clear)
    nrf_uarte_event_clear                    0x0000279f   Thumb Code    12  nrfx_uarte.o(i.nrf_uarte_event_clear)
    i.nrfx_coredep_delay_us                  0x000027ac   Section        0  app_timer.o(i.nrfx_coredep_delay_us)
    nrfx_coredep_delay_us                    0x000027ad   Thumb Code    12  app_timer.o(i.nrfx_coredep_delay_us)
    i.nrfx_gpiote_in_event_enable            0x000027bc   Section        0  nrfx_gpiote.o(i.nrfx_gpiote_in_event_enable)
    i.nrfx_gpiote_in_init                    0x00002860   Section        0  nrfx_gpiote.o(i.nrfx_gpiote_in_init)
    i.nrfx_gpiote_in_is_set                  0x00002930   Section        0  nrfx_gpiote.o(i.nrfx_gpiote_in_is_set)
    i.nrfx_gpiote_init                       0x00002944   Section        0  nrfx_gpiote.o(i.nrfx_gpiote_init)
    i.nrfx_gpiote_is_init                    0x000029b4   Section        0  nrfx_gpiote.o(i.nrfx_gpiote_is_init)
    i.nrfx_is_in_ram                         0x000029c8   Section        0  nrfx_uarte.o(i.nrfx_is_in_ram)
    nrfx_is_in_ram                           0x000029c9   Thumb Code    16  nrfx_uarte.o(i.nrfx_is_in_ram)
    i.nrfx_prs_acquire                       0x000029d8   Section        0  nrfx_prs.o(i.nrfx_prs_acquire)
    i.nrfx_prs_release                       0x00002a08   Section        0  nrfx_prs.o(i.nrfx_prs_release)
    i.nrfx_uart_0_irq_handler                0x00002a1c   Section        0  nrfx_uart.o(i.nrfx_uart_0_irq_handler)
    i.nrfx_uart_init                         0x00002a2c   Section        0  nrfx_uart.o(i.nrfx_uart_init)
    i.nrfx_uart_tx                           0x00002b00   Section        0  nrfx_uart.o(i.nrfx_uart_tx)
    i.nrfx_uart_tx_in_progress               0x00002ba4   Section        0  nrfx_uart.o(i.nrfx_uart_tx_in_progress)
    i.nrfx_uart_uninit                       0x00002bc4   Section        0  nrfx_uart.o(i.nrfx_uart_uninit)
    i.nrfx_uarte_0_irq_handler               0x00002c78   Section        0  nrfx_uarte.o(i.nrfx_uarte_0_irq_handler)
    i.nrfx_uarte_init                        0x00002c88   Section        0  nrfx_uarte.o(i.nrfx_uarte_init)
    i.nrfx_uarte_tx                          0x00002cf4   Section        0  nrfx_uarte.o(i.nrfx_uarte_tx)
    i.nrfx_uarte_tx_in_progress              0x00002d84   Section        0  nrfx_uarte.o(i.nrfx_uarte_tx_in_progress)
    i.nrfx_uarte_uninit                      0x00002da0   Section        0  nrfx_uarte.o(i.nrfx_uarte_uninit)
    i.on_radio_disabled_tx                   0x00002e50   Section        0  nrf_esb.o(i.on_radio_disabled_tx)
    on_radio_disabled_tx                     0x00002e51   Thumb Code    90  nrf_esb.o(i.on_radio_disabled_tx)
    i.on_radio_disabled_tx_noack             0x00002ed0   Section        0  nrf_esb.o(i.on_radio_disabled_tx_noack)
    on_radio_disabled_tx_noack               0x00002ed1   Thumb Code    50  nrf_esb.o(i.on_radio_disabled_tx_noack)
    i.on_radio_disabled_tx_wait_for_ack      0x00002f0c   Section        0  nrf_esb.o(i.on_radio_disabled_tx_wait_for_ack)
    on_radio_disabled_tx_wait_for_ack        0x00002f0d   Thumb Code   268  nrf_esb.o(i.on_radio_disabled_tx_wait_for_ack)
    i.pin_in_use_by_port                     0x00003040   Section        0  nrfx_gpiote.o(i.pin_in_use_by_port)
    pin_in_use_by_port                       0x00003041   Thumb Code    20  nrfx_gpiote.o(i.pin_in_use_by_port)
    i.pin_in_use_by_te                       0x00003058   Section        0  nrfx_gpiote.o(i.pin_in_use_by_te)
    pin_in_use_by_te                         0x00003059   Thumb Code    20  nrfx_gpiote.o(i.pin_in_use_by_te)
    i.postfix_process                        0x00003070   Section        0  nrf_log_str_formatter.o(i.postfix_process)
    postfix_process                          0x00003071   Thumb Code    48  nrf_log_str_formatter.o(i.postfix_process)
    i.prefix_process                         0x000030ac   Section        0  nrf_log_str_formatter.o(i.prefix_process)
    prefix_process                           0x000030ad   Thumb Code    90  nrf_log_str_formatter.o(i.prefix_process)
    i.prs_box_get                            0x00003144   Section        0  nrfx_prs.o(i.prs_box_get)
    prs_box_get                              0x00003145   Thumb Code    14  nrfx_prs.o(i.prs_box_get)
    i.reset_fifos                            0x0000315c   Section        0  nrf_esb.o(i.reset_fifos)
    reset_fifos                              0x0000315d   Thumb Code    22  nrf_esb.o(i.reset_fifos)
    i.rtc1_stop                              0x00003178   Section        0  app_timer.o(i.rtc1_stop)
    rtc1_stop                                0x00003179   Thumb Code    52  app_timer.o(i.rtc1_stop)
    i.rx_byte                                0x000031b4   Section        0  nrfx_uart.o(i.rx_byte)
    rx_byte                                  0x000031b5   Thumb Code    50  nrfx_uart.o(i.rx_byte)
    i.rx_done_event                          0x000031e6   Section        0  nrfx_uart.o(i.rx_done_event)
    rx_done_event                            0x000031e7   Thumb Code    22  nrfx_uart.o(i.rx_done_event)
    i.rx_done_event                          0x000031fc   Section        0  nrfx_uarte.o(i.rx_done_event)
    rx_done_event                            0x000031fd   Thumb Code    24  nrfx_uarte.o(i.rx_done_event)
    i.rx_fifo_push_rfbuf                     0x00003214   Section        0  nrf_esb.o(i.rx_fifo_push_rfbuf)
    rx_fifo_push_rfbuf                       0x00003215   Thumb Code   144  nrf_esb.o(i.rx_fifo_push_rfbuf)
    i.serial_tx                              0x000032ac   Section        0  nrf_log_backend_uart.o(i.serial_tx)
    serial_tx                                0x000032ad   Thumb Code    54  nrf_log_backend_uart.o(i.serial_tx)
    i.start_tx_transaction                   0x000032ec   Section        0  nrf_esb.o(i.start_tx_transaction)
    start_tx_transaction                     0x000032ed   Thumb Code   252  nrf_esb.o(i.start_tx_transaction)
    i.std_n                                  0x00003400   Section        0  nrf_log_frontend.o(i.std_n)
    std_n                                    0x00003401   Thumb Code   136  nrf_log_frontend.o(i.std_n)
    i.timer_list_handler                     0x0000348c   Section        0  app_timer.o(i.timer_list_handler)
    timer_list_handler                       0x0000348d   Thumb Code   122  app_timer.o(i.timer_list_handler)
    i.timer_list_insert                      0x0000350c   Section        0  app_timer.o(i.timer_list_insert)
    timer_list_insert                        0x0000350d   Thumb Code    56  app_timer.o(i.timer_list_insert)
    i.timer_list_remove                      0x00003548   Section        0  app_timer.o(i.timer_list_remove)
    timer_list_remove                        0x00003549   Thumb Code    88  app_timer.o(i.timer_list_remove)
    i.timer_stop_op_schedule                 0x000035a8   Section        0  app_timer.o(i.timer_stop_op_schedule)
    timer_stop_op_schedule                   0x000035a9   Thumb Code    60  app_timer.o(i.timer_stop_op_schedule)
    i.timer_timeouts_check                   0x000035e8   Section        0  app_timer.o(i.timer_timeouts_check)
    timer_timeouts_check                     0x000035e9   Thumb Code   106  app_timer.o(i.timer_timeouts_check)
    i.tx_byte                                0x0000365c   Section        0  nrfx_uart.o(i.tx_byte)
    tx_byte                                  0x0000365d   Thumb Code    32  nrfx_uart.o(i.tx_byte)
    i.tx_done_event                          0x0000367c   Section        0  nrfx_uart.o(i.tx_done_event)
    tx_done_event                            0x0000367d   Thumb Code    26  nrfx_uart.o(i.tx_done_event)
    i.uart_evt_handler                       0x00003698   Section        0  nrf_drv_uart.o(i.uart_evt_handler)
    uart_evt_handler                         0x00003699   Thumb Code    42  nrf_drv_uart.o(i.uart_evt_handler)
    i.uart_evt_handler                       0x000036c8   Section        0  nrf_log_backend_uart.o(i.uart_evt_handler)
    uart_evt_handler                         0x000036c9   Thumb Code     8  nrf_log_backend_uart.o(i.uart_evt_handler)
    i.uart_init                              0x000036d4   Section        0  nrf_log_backend_uart.o(i.uart_init)
    uart_init                                0x000036d5   Thumb Code    66  nrf_log_backend_uart.o(i.uart_init)
    i.uart_irq_handler                       0x00003724   Section        0  nrfx_uart.o(i.uart_irq_handler)
    uart_irq_handler                         0x00003725   Thumb Code   296  nrfx_uart.o(i.uart_irq_handler)
    i.uarte_evt_handler                      0x0000384c   Section        0  nrf_drv_uart.o(i.uarte_evt_handler)
    uarte_evt_handler                        0x0000384d   Thumb Code    42  nrf_drv_uart.o(i.uarte_evt_handler)
    i.uarte_irq_handler                      0x0000387c   Section        0  nrfx_uarte.o(i.uarte_irq_handler)
    uarte_irq_handler                        0x0000387d   Thumb Code   244  nrfx_uarte.o(i.uarte_irq_handler)
    i.unsigned_print                         0x00003970   Section        0  nrf_fprintf_format.o(i.unsigned_print)
    unsigned_print                           0x00003971   Thumb Code   176  nrf_fprintf_format.o(i.unsigned_print)
    i.update_radio_addresses                 0x00003a24   Section        0  nrf_esb.o(i.update_radio_addresses)
    update_radio_addresses                   0x00003a25   Thumb Code    70  nrf_esb.o(i.update_radio_addresses)
    i.update_radio_bitrate                   0x00003a74   Section        0  nrf_esb.o(i.update_radio_bitrate)
    update_radio_bitrate                     0x00003a75   Thumb Code    42  nrf_esb.o(i.update_radio_bitrate)
    i.update_radio_parameters                0x00003aac   Section        0  nrf_esb.o(i.update_radio_parameters)
    update_radio_parameters                  0x00003aad   Thumb Code   110  nrf_esb.o(i.update_radio_parameters)
    i.update_radio_tx_power                  0x00003b34   Section        0  nrf_esb.o(i.update_radio_tx_power)
    update_radio_tx_power                    0x00003b35   Thumb Code    10  nrf_esb.o(i.update_radio_tx_power)
    i.update_rf_payload_format_esb           0x00003b48   Section        0  nrf_esb.o(i.update_rf_payload_format_esb)
    update_rf_payload_format_esb             0x00003b49   Thumb Code    30  nrf_esb.o(i.update_rf_payload_format_esb)
    i.update_rf_payload_format_esb_dpl       0x00003b74   Section        0  nrf_esb.o(i.update_rf_payload_format_esb_dpl)
    update_rf_payload_format_esb_dpl         0x00003b75   Thumb Code    26  nrf_esb.o(i.update_rf_payload_format_esb_dpl)
    i.user_op_alloc                          0x00003ba0   Section        0  app_timer.o(i.user_op_alloc)
    user_op_alloc                            0x00003ba1   Thumb Code    42  app_timer.o(i.user_op_alloc)
    .constdata                               0x00003bd0   Section       72  main.o(.constdata)
    m_led_toggle_timer_id                    0x00003bd0   Data           4  main.o(.constdata)
    delay_bytecode                           0x00003be0   Data           6  main.o(.constdata)
    .constdata                               0x00003c18   Section        4  nrfx_gpiote.o(.constdata)
    .constdata                               0x00003c1c   Section        4  nrfx_uart.o(.constdata)
    irq_handlers                             0x00003c1c   Data           4  nrfx_uart.o(.constdata)
    .constdata                               0x00003c20   Section        4  nrfx_uarte.o(.constdata)
    irq_handlers                             0x00003c20   Data           4  nrfx_uarte.o(.constdata)
    .constdata                               0x00003c24   Section        8  app_button.o(.constdata)
    m_detection_delay_timer_id               0x00003c28   Data           4  app_button.o(.constdata)
    .constdata                               0x00003c30   Section        6  app_timer.o(.constdata)
    delay_bytecode                           0x00003c30   Data           6  app_timer.o(.constdata)
    .constdata                               0x00003c36   Section       16  nrf_fprintf_format.o(.constdata)
    _aV2C                                    0x00003c36   Data          16  nrf_fprintf_format.o(.constdata)
    .constdata                               0x00003c48   Section       12  nrf_log_backend_uart.o(.constdata)
    .constdata                               0x00003c54   Section       32  nrf_log_backend_uart.o(.constdata)
    .constdata                               0x00003c74   Section      129  ctype_o.o(.constdata)
    .constdata                               0x00003cf8   Section        4  ctype_o.o(.constdata)
    table                                    0x00003cf8   Data           4  ctype_o.o(.constdata)
    .conststring                             0x00003cfc   Section      102  nrf_log_str_formatter.o(.conststring)
    .conststrlit                             0x00003d64   Section        6  nrf_drv_clock.o(.conststrlit)
    .conststrlit                             0x00003d6c   Section        6  nrfx_clock.o(.conststrlit)
    .conststrlit                             0x00003d74   Section        7  nrfx_gpiote.o(.conststrlit)
    .conststrlit                             0x00003d7c   Section        5  nrfx_uart.o(.conststrlit)
    .conststrlit                             0x00003d84   Section        4  nrfx_prs.o(.conststrlit)
    .conststrlit                             0x00003d88   Section        6  nrfx_uarte.o(.conststrlit)
    .conststrlit                             0x00003d90   Section       17  nrf_log_default_backends.o(.conststrlit)
    .conststrlit                             0x00003da4   Section        4  nrf_log_frontend.o(.conststrlit)
    log_backends                             0x00003dc8   Section       16  nrf_log_default_backends.o(log_backends)
    __tagsym$$used                           0x00003dc8   Number         0  nrf_log_default_backends.o(log_backends)
    uart_log_backend                         0x00003dc8   Data          16  nrf_log_default_backends.o(log_backends)
    log_const_data                           0x00003dd8   Section        8  nrf_drv_clock.o(log_const_data)
    __tagsym$$used                           0x00003dd8   Number         0  nrf_drv_clock.o(log_const_data)
    log_const_data                           0x00003de0   Section        8  nrfx_clock.o(log_const_data)
    __tagsym$$used                           0x00003de0   Number         0  nrfx_clock.o(log_const_data)
    log_const_data                           0x00003de8   Section        8  nrfx_gpiote.o(log_const_data)
    __tagsym$$used                           0x00003de8   Number         0  nrfx_gpiote.o(log_const_data)
    log_const_data                           0x00003df0   Section        8  nrfx_uart.o(log_const_data)
    __tagsym$$used                           0x00003df0   Number         0  nrfx_uart.o(log_const_data)
    log_const_data                           0x00003df8   Section        8  nrfx_prs.o(log_const_data)
    __tagsym$$used                           0x00003df8   Number         0  nrfx_prs.o(log_const_data)
    log_const_data                           0x00003e00   Section        8  nrfx_uarte.o(log_const_data)
    __tagsym$$used                           0x00003e00   Number         0  nrfx_uarte.o(log_const_data)
    log_const_data                           0x00003e08   Section        8  nrf_log_frontend.o(log_const_data)
    __tagsym$$used                           0x00003e08   Number         0  nrf_log_frontend.o(log_const_data)
    nrf_balloc                               0x00003e10   Section       20  nrf_log_frontend.o(nrf_balloc)
    __tagsym$$used                           0x00003e10   Number         0  nrf_log_frontend.o(nrf_balloc)
    .data                                    0x20000000   Section        8  main.o(.data)
    p_button                                 0x20000000   Data           8  main.o(.data)
    .data                                    0x20000008   Section        8  nrfx_clock.o(.data)
    m_clock_cb                               0x20000008   Data           8  nrfx_clock.o(.data)
    .data                                    0x20000010   Section       12  nrf_drv_uart.o(.data)
    m_handlers                               0x20000014   Data           4  nrf_drv_uart.o(.data)
    m_contexts                               0x20000018   Data           4  nrf_drv_uart.o(.data)
    .data                                    0x2000001c   Section        8  nrfx_prs.o(.data)
    m_prs_box_4                              0x2000001c   Data           8  nrfx_prs.o(.data)
    .data                                    0x20000028   Section       32  app_button.o(.data)
    m_button_count                           0x20000028   Data           1  app_button.o(.data)
    mp_buttons                               0x2000002c   Data           4  app_button.o(.data)
    m_detection_delay                        0x20000030   Data           4  app_button.o(.data)
    m_pin_state                              0x20000038   Data           8  app_button.o(.data)
    m_pin_transition                         0x20000040   Data           8  app_button.o(.data)
    .data                                    0x20000048   Section       20  app_timer.o(.data)
    m_ticks_elapsed_q_read_ind               0x20000048   Data           1  app_timer.o(.data)
    m_ticks_elapsed_q_write_ind              0x20000049   Data           1  app_timer.o(.data)
    m_rtc1_running                           0x2000004a   Data           1  app_timer.o(.data)
    m_rtc1_reset                             0x2000004b   Data           1  app_timer.o(.data)
    mp_timer_id_head                         0x2000004c   Data           4  app_timer.o(.data)
    m_ticks_latest                           0x20000050   Data           4  app_timer.o(.data)
    m_ticks_elapsed                          0x20000054   Data           8  app_timer.o(.data)
    .data                                    0x2000005c   Section        4  app_util_platform.o(.data)
    m_in_critical_region                     0x2000005c   Data           4  app_util_platform.o(.data)
    .data                                    0x20000060   Section       16  app_gpiote.o(.data)
    m_user_array_size                        0x20000060   Data           1  app_gpiote.o(.data)
    m_user_count                             0x20000061   Data           1  app_gpiote.o(.data)
    mp_users                                 0x20000064   Data           4  app_gpiote.o(.data)
    m_pins                                   0x20000068   Data           4  app_gpiote.o(.data)
    m_last_pins_state                        0x2000006c   Data           4  app_gpiote.o(.data)
    .data                                    0x20000070   Section       24  nrf_log_backend_uart.o(.data)
    m_xfer_done                              0x20000070   Data           1  nrf_log_backend_uart.o(.data)
    m_async_mode                             0x20000071   Data           1  nrf_log_backend_uart.o(.data)
    .data                                    0x20000088   Section        8  nrf_log_default_backends.o(.data)
    log_backend_cb_uart_log_backend          0x20000088   Data           8  nrf_log_default_backends.o(.data)
    .data                                    0x20000090   Section        8  nrf_log_frontend.o(.data)
    log_mempool_nrf_balloc_pool_stack        0x20000090   Data           8  nrf_log_frontend.o(.data)
    .data                                    0x20000098   Section        8  nrf_log_frontend.o(.data)
    log_mempool_nrf_balloc_cb                0x20000098   Data           8  nrf_log_frontend.o(.data)
    .data                                    0x200000a0   Section       64  nrf_log_str_formatter.o(.data)
    m_freq                                   0x200000a0   Data           4  nrf_log_str_formatter.o(.data)
    m_timestamp_div                          0x200000a4   Data           4  nrf_log_str_formatter.o(.data)
    severity_names                           0x200000a8   Data          20  nrf_log_str_formatter.o(.data)
    m_colors                                 0x200000bc   Data          36  nrf_log_str_formatter.o(.data)
    .data                                    0x200000e0   Section       72  nrf_esb.o(.data)
    m_esb_initialized                        0x200000e0   Data           1  nrf_esb.o(.data)
    m_nrf_esb_mainstate                      0x200000e1   Data           1  nrf_esb.o(.data)
    m_interrupt_flags                        0x200000e4   Data           4  nrf_esb.o(.data)
    m_radio_shorts_common                    0x200000e8   Data           4  nrf_esb.o(.data)
    on_radio_disabled                        0x200000ec   Data           4  nrf_esb.o(.data)
    on_radio_end                             0x200000f0   Data           4  nrf_esb.o(.data)
    update_rf_payload_format                 0x200000f4   Data           4  nrf_esb.o(.data)
    mp_current_payload                       0x200000f8   Data           4  nrf_esb.o(.data)
    m_event_handler                          0x200000fc   Data           4  nrf_esb.o(.data)
    m_retransmits_remaining                  0x20000100   Data           4  nrf_esb.o(.data)
    m_last_tx_attempts                       0x20000104   Data           4  nrf_esb.o(.data)
    m_wait_for_ack_timeout_us                0x20000108   Data           4  nrf_esb.o(.data)
    m_pids                                   0x2000010c   Data           8  nrf_esb.o(.data)
    m_esb_addr                               0x20000114   Data          20  nrf_esb.o(.data)
    .data                                    0x20000128   Section        4  system_nrf52.o(.data)
    __tagsym$$used                           0x20000128   Number         0  system_nrf52.o(.data)
    .bss                                     0x2000012c   Section       32  main.o(.bss)
    m_led_toggle_timer_id_data               0x2000012c   Data          32  main.o(.bss)
    .bss                                     0x2000014c   Section      573  main.o(.bss)
    rx_buf                                   0x2000014c   Data         256  main.o(.bss)
    tx_buf                                   0x2000024c   Data         256  main.o(.bss)
    app_gpiote_buf                           0x2000034c   Data          24  main.o(.bss)
    tx_payload                               0x20000364   Data          37  main.o(.bss)
    .bss                                     0x2000038c   Section       92  nrfx_gpiote.o(.bss)
    m_cb                                     0x2000038c   Data          92  nrfx_gpiote.o(.bss)
    .bss                                     0x200003e8   Section       44  nrfx_uart.o(.bss)
    m_cb                                     0x200003e8   Data          44  nrfx_uart.o(.bss)
    .bss                                     0x20000414   Section       36  nrfx_uarte.o(.bss)
    m_cb                                     0x20000414   Data          36  nrfx_uarte.o(.bss)
    .bss                                     0x20000438   Section       32  app_button.o(.bss)
    m_detection_delay_timer_id_data          0x20000438   Data          32  app_button.o(.bss)
    .bss                                     0x20000458   Section      268  app_timer.o(.bss)
    m_op_queue                               0x20000458   Data         268  app_timer.o(.bss)
    .bss                                     0x20000564   Section       64  nrf_log_backend_uart.o(.bss)
    m_string_buff                            0x20000564   Data          64  nrf_log_backend_uart.o(.bss)
    .bss                                     0x200005a4   Section      192  nrf_log_frontend.o(.bss)
    log_mempool_nrf_balloc_pool_mem          0x200005a4   Data         192  nrf_log_frontend.o(.bss)
    .bss                                     0x20000664   Section     1060  nrf_log_frontend.o(.bss)
    m_log_data                               0x20000664   Data        1060  nrf_log_frontend.o(.bss)
    .bss                                     0x20000a88   Section      804  nrf_esb.o(.bss)
    m_config_local                           0x20000a88   Data          24  nrf_esb.o(.bss)
    m_tx_fifo_payload                        0x20000aa0   Data         296  nrf_esb.o(.bss)
    m_tx_fifo                                0x20000bc8   Data          44  nrf_esb.o(.bss)
    m_rx_fifo_payload                        0x20000bf4   Data         296  nrf_esb.o(.bss)
    m_rx_fifo                                0x20000d1c   Data          44  nrf_esb.o(.bss)
    m_tx_payload_buffer                      0x20000d48   Data          34  nrf_esb.o(.bss)
    m_rx_payload_buffer                      0x20000d6a   Data          34  nrf_esb.o(.bss)
    m_rx_pipe_info                           0x20000d8c   Data          32  nrf_esb.o(.bss)
    STACK                                    0x20000db0   Section     8192  arm_startup_nrf52.o(STACK)

    Global Symbols

    Symbol Name                              Value     Ov Type        Size  Object(Section)

    BuildAttributes$$THM_ISAv4$E$P$D$K$B$S$7EM$VFPi3$EXTD16$VFPS$VFMA$PE$A:L22UL41UL21$X:L11$S22US41US21$IEEE1$IW$USESV6$~STKCKD$USESV7$~SHL$OSPACE$EBA8$MICROLIB$REQ8$EABIv2 0x00000000   Number         0  anon$$obj.o ABSOLUTE
    __ARM_use_no_argv                        0x00000000   Number         0  main.o ABSOLUTE
    __Vectors                                0x00000000   Data           4  arm_startup_nrf52.o(RESET)
    __cpp_initialize__aeabi_                  - Undefined Weak Reference
    __cxa_finalize                            - Undefined Weak Reference
    _clock_init                               - Undefined Weak Reference
    _microlib_exit                            - Undefined Weak Reference
    log_dynamic_data$$Base                    - Undefined Reference
    __Vectors_End                            0x00000200   Data           0  arm_startup_nrf52.o(RESET)
    __Vectors_Size                           0x00000200   Number         0  arm_startup_nrf52.o ABSOLUTE
    __main                                   0x00000201   Thumb Code     0  entry.o(.ARM.Collect$$$$00000000)
    _main_stk                                0x00000201   Thumb Code     0  entry2.o(.ARM.Collect$$$$00000001)
    _main_scatterload                        0x00000205   Thumb Code     0  entry5.o(.ARM.Collect$$$$00000004)
    __main_after_scatterload                 0x00000209   Thumb Code     0  entry5.o(.ARM.Collect$$$$00000004)
    _main_clock                              0x00000209   Thumb Code     0  entry7b.o(.ARM.Collect$$$$00000008)
    _main_cpp_init                           0x00000209   Thumb Code     0  entry8b.o(.ARM.Collect$$$$0000000A)
    _main_init                               0x00000209   Thumb Code     0  entry9a.o(.ARM.Collect$$$$0000000B)
    __rt_final_cpp                           0x00000211   Thumb Code     0  entry10a.o(.ARM.Collect$$$$0000000D)
    __rt_final_exit                          0x00000211   Thumb Code     0  entry11a.o(.ARM.Collect$$$$0000000F)
    __asm___12_nrf_atomic_c_85ca2469__nrf_atomic_internal_mov 0x00000215   Thumb Code    24  nrf_atomic.o(.emb_text)
    __asm___12_nrf_atomic_c_85ca2469__nrf_atomic_internal_orr 0x0000022d   Thumb Code    26  nrf_atomic.o(.emb_text)
    __asm___12_nrf_atomic_c_85ca2469__nrf_atomic_internal_and 0x00000247   Thumb Code    26  nrf_atomic.o(.emb_text)
    __asm___12_nrf_atomic_c_85ca2469__nrf_atomic_internal_eor 0x00000261   Thumb Code    26  nrf_atomic.o(.emb_text)
    __asm___12_nrf_atomic_c_85ca2469__nrf_atomic_internal_add 0x0000027b   Thumb Code    26  nrf_atomic.o(.emb_text)
    __asm___12_nrf_atomic_c_85ca2469__nrf_atomic_internal_sub 0x00000295   Thumb Code    26  nrf_atomic.o(.emb_text)
    __asm___12_nrf_atomic_c_85ca2469__nrf_atomic_internal_cmp_exch 0x000002af   Thumb Code    42  nrf_atomic.o(.emb_text)
    __asm___12_nrf_atomic_c_85ca2469__nrf_atomic_internal_sub_hs 0x000002d9   Thumb Code    30  nrf_atomic.o(.emb_text)
    Reset_Handler                            0x000002f9   Thumb Code     8  arm_startup_nrf52.o(.text)
    NMI_Handler                              0x00000301   Thumb Code     2  arm_startup_nrf52.o(.text)
    HardFault_Handler                        0x00000303   Thumb Code     2  arm_startup_nrf52.o(.text)
    MemoryManagement_Handler                 0x00000305   Thumb Code     2  arm_startup_nrf52.o(.text)
    BusFault_Handler                         0x00000307   Thumb Code     2  arm_startup_nrf52.o(.text)
    UsageFault_Handler                       0x00000309   Thumb Code     2  arm_startup_nrf52.o(.text)
    SVC_Handler                              0x0000030b   Thumb Code     2  arm_startup_nrf52.o(.text)
    DebugMon_Handler                         0x0000030d   Thumb Code     2  arm_startup_nrf52.o(.text)
    PendSV_Handler                           0x0000030f   Thumb Code     2  arm_startup_nrf52.o(.text)
    SysTick_Handler                          0x00000311   Thumb Code     2  arm_startup_nrf52.o(.text)
    CCM_AAR_IRQHandler                       0x00000313   Thumb Code     0  arm_startup_nrf52.o(.text)
    COMP_LPCOMP_IRQHandler                   0x00000313   Thumb Code     0  arm_startup_nrf52.o(.text)
    ECB_IRQHandler                           0x00000313   Thumb Code     0  arm_startup_nrf52.o(.text)
    FPU_IRQHandler                           0x00000313   Thumb Code     0  arm_startup_nrf52.o(.text)
    I2S_IRQHandler                           0x00000313   Thumb Code     0  arm_startup_nrf52.o(.text)
    MWU_IRQHandler                           0x00000313   Thumb Code     0  arm_startup_nrf52.o(.text)
    NFCT_IRQHandler                          0x00000313   Thumb Code     0  arm_startup_nrf52.o(.text)
    PDM_IRQHandler                           0x00000313   Thumb Code     0  arm_startup_nrf52.o(.text)
    PWM0_IRQHandler                          0x00000313   Thumb Code     0  arm_startup_nrf52.o(.text)
    PWM1_IRQHandler                          0x00000313   Thumb Code     0  arm_startup_nrf52.o(.text)
    PWM2_IRQHandler                          0x00000313   Thumb Code     0  arm_startup_nrf52.o(.text)
    RNG_IRQHandler                           0x00000313   Thumb Code     0  arm_startup_nrf52.o(.text)
    RTC0_IRQHandler                          0x00000313   Thumb Code     0  arm_startup_nrf52.o(.text)
    RTC2_IRQHandler                          0x00000313   Thumb Code     0  arm_startup_nrf52.o(.text)
    SAADC_IRQHandler                         0x00000313   Thumb Code     0  arm_startup_nrf52.o(.text)
    SPIM0_SPIS0_TWIM0_TWIS0_SPI0_TWI0_IRQHandler 0x00000313   Thumb Code     0  arm_startup_nrf52.o(.text)
    SPIM1_SPIS1_TWIM1_TWIS1_SPI1_TWI1_IRQHandler 0x00000313   Thumb Code     0  arm_startup_nrf52.o(.text)
    SPIM2_SPIS2_SPI2_IRQHandler              0x00000313   Thumb Code     0  arm_startup_nrf52.o(.text)
    SWI1_EGU1_IRQHandler                     0x00000313   Thumb Code     0  arm_startup_nrf52.o(.text)
    SWI2_EGU2_IRQHandler                     0x00000313   Thumb Code     0  arm_startup_nrf52.o(.text)
    SWI3_EGU3_IRQHandler                     0x00000313   Thumb Code     0  arm_startup_nrf52.o(.text)
    SWI4_EGU4_IRQHandler                     0x00000313   Thumb Code     0  arm_startup_nrf52.o(.text)
    SWI5_EGU5_IRQHandler                     0x00000313   Thumb Code     0  arm_startup_nrf52.o(.text)
    TEMP_IRQHandler                          0x00000313   Thumb Code     0  arm_startup_nrf52.o(.text)
    TIMER0_IRQHandler                        0x00000313   Thumb Code     0  arm_startup_nrf52.o(.text)
    TIMER1_IRQHandler                        0x00000313   Thumb Code     0  arm_startup_nrf52.o(.text)
    TIMER2_IRQHandler                        0x00000313   Thumb Code     0  arm_startup_nrf52.o(.text)
    TIMER4_IRQHandler                        0x00000313   Thumb Code     0  arm_startup_nrf52.o(.text)
    WDT_IRQHandler                           0x00000313   Thumb Code     0  arm_startup_nrf52.o(.text)
    __aeabi_llsl                             0x0000031d   Thumb Code    30  llshl.o(.text)
    _ll_shift_l                              0x0000031d   Thumb Code     0  llshl.o(.text)
    __rt_ctype_table                         0x0000033d   Thumb Code     4  ctype_o.o(.text)
    __aeabi_memcpy                           0x00000345   Thumb Code    36  memcpya.o(.text)
    __aeabi_memcpy4                          0x00000345   Thumb Code     0  memcpya.o(.text)
    __aeabi_memcpy8                          0x00000345   Thumb Code     0  memcpya.o(.text)
    __aeabi_memset                           0x00000369   Thumb Code    14  memseta.o(.text)
    __aeabi_memset4                          0x00000369   Thumb Code     0  memseta.o(.text)
    __aeabi_memset8                          0x00000369   Thumb Code     0  memseta.o(.text)
    __aeabi_memclr                           0x00000377   Thumb Code     4  memseta.o(.text)
    __aeabi_memclr4                          0x00000377   Thumb Code     0  memseta.o(.text)
    __aeabi_memclr8                          0x00000377   Thumb Code     0  memseta.o(.text)
    _memset$wrapper                          0x0000037b   Thumb Code    18  memseta.o(.text)
    strlen                                   0x0000038d   Thumb Code    14  strlen.o(.text)
    __scatterload                            0x0000039d   Thumb Code    28  init.o(.text)
    __scatterload_rt2                        0x0000039d   Thumb Code     0  init.o(.text)
    __decompress                             0x000003c1   Thumb Code     0  __dczerorl.o(.text)
    __decompress0                            0x000003c1   Thumb Code    58  __dczerorl.o(.text)
    GPIOTE_IRQHandler                        0x000003fd   Thumb Code   346  nrfx_gpiote.o(i.GPIOTE_IRQHandler)
    POWER_CLOCK_IRQHandler                   0x0000063d   Thumb Code    82  nrfx_clock.o(i.POWER_CLOCK_IRQHandler)
    QDEC_IRQHandler                          0x00000695   Thumb Code    84  nrf_esb.o(i.QDEC_IRQHandler)
    RADIO_IRQHandler                         0x000006ed   Thumb Code    84  nrf_esb.o(i.RADIO_IRQHandler)
    RTC1_IRQHandler                          0x00000749   Thumb Code    32  app_timer.o(i.RTC1_IRQHandler)
    SWI0_EGU0_IRQHandler                     0x0000076d   Thumb Code     4  app_timer.o(i.SWI0_EGU0_IRQHandler)
    SystemInit                               0x00000771   Thumb Code   726  system_nrf52.o(i.SystemInit)
    TIMER3_IRQHandler                        0x00000a8d   Thumb Code    32  nrf_esb.o(i.TIMER3_IRQHandler)
    UARTE0_UART0_IRQHandler                  0x00000ab9   Thumb Code     6  nrfx_prs.o(i.UARTE0_UART0_IRQHandler)
    __scatterload_copy                       0x00000ac5   Thumb Code    14  handlers.o(i.__scatterload_copy)
    __scatterload_null                       0x00000ad3   Thumb Code     2  handlers.o(i.__scatterload_null)
    __scatterload_zeroinit                   0x00000ad5   Thumb Code    14  handlers.o(i.__scatterload_zeroinit)
    app_button_enable                        0x00000af1   Thumb Code    32  app_button.o(i.app_button_enable)
    app_button_init                          0x00000b15   Thumb Code   102  app_button.o(i.app_button_init)
    app_error_fault_handler                  0x00000b8d   Thumb Code    86  app_error_weak.o(i.app_error_fault_handler)
    app_error_handler_bare                   0x00000c11   Thumb Code    22  app_error.o(i.app_error_handler_bare)
    app_gpiote_init                          0x00000c29   Thumb Code    56  app_gpiote.o(i.app_gpiote_init)
    app_timer_create                         0x00000c65   Thumb Code    32  app_timer.o(i.app_timer_create)
    app_timer_init                           0x00000c89   Thumb Code    70  app_timer.o(i.app_timer_init)
    app_timer_start                          0x00000cdd   Thumb Code   118  app_timer.o(i.app_timer_start)
    app_timer_stop                           0x00000d5d   Thumb Code    26  app_timer.o(i.app_timer_stop)
    app_util_critical_region_enter           0x00000d7d   Thumb Code     4  app_util_platform.o(i.app_util_critical_region_enter)
    app_util_critical_region_exit            0x00000d81   Thumb Code     4  app_util_platform.o(i.app_util_critical_region_exit)
    app_util_disable_irq                     0x00000d85   Thumb Code    12  app_util_platform.o(i.app_util_disable_irq)
    app_util_enable_irq                      0x00000d95   Thumb Code    14  app_util_platform.o(i.app_util_enable_irq)
    buffer_is_empty                          0x00001029   Thumb Code    16  nrf_log_frontend.o(i.buffer_is_empty)
    clocks_ex                                0x00001115   Thumb Code    10  main.o(i.clocks_ex)
    esb_init                                 0x000012b9   Thumb Code   120  main.o(i.esb_init)
    hclocks_start                            0x000013cd   Thumb Code    26  main.o(i.hclocks_start)
    lclocks_start                            0x00001545   Thumb Code    26  main.o(i.lclocks_start)
    main                                     0x000016f5   Thumb Code    44  main.o(i.main)
    nrf_atomic_flag_clear_fetch              0x000017d9   Thumb Code     6  nrf_atomic.o(i.nrf_atomic_flag_clear_fetch)
    nrf_atomic_flag_set                      0x000017df   Thumb Code     6  nrf_atomic.o(i.nrf_atomic_flag_set)
    nrf_atomic_u32_add                       0x000017e5   Thumb Code    12  nrf_atomic.o(i.nrf_atomic_u32_add)
    nrf_atomic_u32_fetch_and                 0x000017f1   Thumb Code    10  nrf_atomic.o(i.nrf_atomic_u32_fetch_and)
    nrf_atomic_u32_fetch_store               0x000017fb   Thumb Code    10  nrf_atomic.o(i.nrf_atomic_u32_fetch_store)
    nrf_atomic_u32_or                        0x00001805   Thumb Code    12  nrf_atomic.o(i.nrf_atomic_u32_or)
    nrf_atomic_u32_sub                       0x00001811   Thumb Code    12  nrf_atomic.o(i.nrf_atomic_u32_sub)
    nrf_balloc_alloc                         0x0000181d   Thumb Code    62  nrf_balloc.o(i.nrf_balloc_alloc)
    nrf_balloc_free                          0x0000185b   Thumb Code    42  nrf_balloc.o(i.nrf_balloc_free)
    nrf_drv_uart_init                        0x000018c9   Thumb Code    90  nrf_drv_uart.o(i.nrf_drv_uart_init)
    nrf_esb_disable                          0x00001931   Thumb Code    52  nrf_esb.o(i.nrf_esb_disable)
    nrf_esb_event_handler                    0x00001975   Thumb Code    26  main.o(i.nrf_esb_event_handler)
    nrf_esb_flush_tx                         0x00001991   Thumb Code    38  nrf_esb.o(i.nrf_esb_flush_tx)
    nrf_esb_init                             0x000019c1   Thumb Code   308  nrf_esb.o(i.nrf_esb_init)
    nrf_esb_set_base_address_0               0x00001b2d   Thumb Code    98  nrf_esb.o(i.nrf_esb_set_base_address_0)
    nrf_esb_set_base_address_1               0x00001b9d   Thumb Code   144  nrf_esb.o(i.nrf_esb_set_base_address_1)
    nrf_esb_set_prefixes                     0x00001c39   Thumb Code   142  nrf_esb.o(i.nrf_esb_set_prefixes)
    nrf_esb_set_rf_channel                   0x00001cd5   Thumb Code    28  nrf_esb.o(i.nrf_esb_set_rf_channel)
    nrf_esb_skip_tx                          0x00001cf5   Thumb Code    60  nrf_esb.o(i.nrf_esb_skip_tx)
    nrf_esb_start_tx                         0x00001d39   Thumb Code    32  nrf_esb.o(i.nrf_esb_start_tx)
    nrf_esb_write_payload                    0x00001d61   Thumb Code   160  nrf_esb.o(i.nrf_esb_write_payload)
    nrf_fprintf                              0x00001e0d   Thumb Code    26  nrf_fprintf.o(i.nrf_fprintf)
    nrf_fprintf_buffer_flush                 0x00001e27   Thumb Code    24  nrf_fprintf.o(i.nrf_fprintf_buffer_flush)
    nrf_fprintf_fmt                          0x00001e3f   Thumb Code   474  nrf_fprintf_format.o(i.nrf_fprintf_fmt)
    nrf_log_backend_serial_put               0x00002165   Thumb Code   200  nrf_log_backend_serial.o(i.nrf_log_backend_serial_put)
    nrf_log_color_id_get                     0x00002275   Thumb Code    42  nrf_log_frontend.o(i.nrf_log_color_id_get)
    nrf_log_frontend_dequeue                 0x000022a5   Thumb Code   522  nrf_log_frontend.o(i.nrf_log_frontend_dequeue)
    nrf_log_frontend_std_0                   0x000024d5   Thumb Code     8  nrf_log_frontend.o(i.nrf_log_frontend_std_0)
    nrf_log_hexdump_entry_process            0x000024dd   Thumb Code   146  nrf_log_str_formatter.o(i.nrf_log_hexdump_entry_process)
    nrf_log_module_cnt_get                   0x00002589   Thumb Code    10  nrf_log_frontend.o(i.nrf_log_module_cnt_get)
    nrf_log_module_name_get                  0x0000259d   Thumb Code    24  nrf_log_frontend.o(i.nrf_log_module_name_get)
    nrf_log_panic                            0x000025b9   Thumb Code    38  nrf_log_frontend.o(i.nrf_log_panic)
    nrf_log_std_entry_process                0x000025e5   Thumb Code   182  nrf_log_str_formatter.o(i.nrf_log_std_entry_process)
    nrf_memobj_alloc                         0x0000269b   Thumb Code    96  nrf_memobj.o(i.nrf_memobj_alloc)
    nrf_memobj_free                          0x000026fb   Thumb Code    50  nrf_memobj.o(i.nrf_memobj_free)
    nrf_memobj_get                           0x0000272d   Thumb Code     8  nrf_memobj.o(i.nrf_memobj_get)
    nrf_memobj_put                           0x00002735   Thumb Code    30  nrf_memobj.o(i.nrf_memobj_put)
    nrf_memobj_read                          0x00002753   Thumb Code    16  nrf_memobj.o(i.nrf_memobj_read)
    nrf_memobj_write                         0x00002763   Thumb Code    16  nrf_memobj.o(i.nrf_memobj_write)
    nrfx_gpiote_in_event_enable              0x000027bd   Thumb Code   156  nrfx_gpiote.o(i.nrfx_gpiote_in_event_enable)
    nrfx_gpiote_in_init                      0x00002861   Thumb Code   194  nrfx_gpiote.o(i.nrfx_gpiote_in_init)
    nrfx_gpiote_in_is_set                    0x00002931   Thumb Code    20  nrfx_gpiote.o(i.nrfx_gpiote_in_is_set)
    nrfx_gpiote_init                         0x00002945   Thumb Code    98  nrfx_gpiote.o(i.nrfx_gpiote_init)
    nrfx_gpiote_is_init                      0x000029b5   Thumb Code    14  nrfx_gpiote.o(i.nrfx_gpiote_is_init)
    nrfx_prs_acquire                         0x000029d9   Thumb Code    48  nrfx_prs.o(i.nrfx_prs_acquire)
    nrfx_prs_release                         0x00002a09   Thumb Code    18  nrfx_prs.o(i.nrfx_prs_release)
    nrfx_uart_0_irq_handler                  0x00002a1d   Thumb Code     8  nrfx_uart.o(i.nrfx_uart_0_irq_handler)
    nrfx_uart_init                           0x00002a2d   Thumb Code   200  nrfx_uart.o(i.nrfx_uart_init)
    nrfx_uart_tx                             0x00002b01   Thumb Code   160  nrfx_uart.o(i.nrfx_uart_tx)
    nrfx_uart_tx_in_progress                 0x00002ba5   Thumb Code    26  nrfx_uart.o(i.nrfx_uart_tx_in_progress)
    nrfx_uart_uninit                         0x00002bc5   Thumb Code   170  nrfx_uart.o(i.nrfx_uart_uninit)
    nrfx_uarte_0_irq_handler                 0x00002c79   Thumb Code     8  nrfx_uarte.o(i.nrfx_uarte_0_irq_handler)
    nrfx_uarte_init                          0x00002c89   Thumb Code   100  nrfx_uarte.o(i.nrfx_uarte_init)
    nrfx_uarte_tx                            0x00002cf5   Thumb Code   138  nrfx_uarte.o(i.nrfx_uarte_tx)
    nrfx_uarte_tx_in_progress                0x00002d85   Thumb Code    22  nrfx_uarte.o(i.nrfx_uarte_tx_in_progress)
    nrfx_uarte_uninit                        0x00002da1   Thumb Code   166  nrfx_uarte.o(i.nrfx_uarte_uninit)
    nrf_log_backend_uart_api                 0x00003c48   Data          12  nrf_log_backend_uart.o(.constdata)
    __ctype_table                            0x00003c74   Data         129  ctype_o.o(.constdata)
    Region$$Table$$Base                      0x00003da8   Number         0  anon$$obj.o(Region$$Table)
    Region$$Table$$Limit                     0x00003dc8   Number         0  anon$$obj.o(Region$$Table)
    log_const_data$$Base                     0x00003dd8   Number         0  nrf_drv_clock.o(log_const_data)
    m_nrf_log_clock_logs_data_const          0x00003dd8   Data           8  nrf_drv_clock.o(log_const_data)
    m_nrf_log_CLOCK_logs_data_const          0x00003de0   Data           8  nrfx_clock.o(log_const_data)
    m_nrf_log_GPIOTE_logs_data_const         0x00003de8   Data           8  nrfx_gpiote.o(log_const_data)
    m_nrf_log_UART_logs_data_const           0x00003df0   Data           8  nrfx_uart.o(log_const_data)
    m_nrf_log_PRS_logs_data_const            0x00003df8   Data           8  nrfx_prs.o(log_const_data)
    m_nrf_log_UARTE_logs_data_const          0x00003e00   Data           8  nrfx_uarte.o(log_const_data)
    m_nrf_log_app_logs_data_const            0x00003e08   Data           8  nrf_log_frontend.o(log_const_data)
    log_const_data$$Limit                    0x00003e10   Number         0  nrf_log_frontend.o(log_const_data)
    log_mempool                              0x00003e10   Data          20  nrf_log_frontend.o(nrf_balloc)
    nrf_drv_uart_use_easy_dma                0x20000010   Data           1  nrf_drv_uart.o(.data)
    m_uart                                   0x20000074   Data          20  nrf_log_backend_uart.o(.data)
    SystemCoreClock                          0x20000128   Data           4  system_nrf52.o(.data)
    __initial_sp                             0x20002db0   Data           0  arm_startup_nrf52.o(STACK)



==============================================================================

Memory Map of the image

  Image Entry point : 0x00000201

  Load Region LR_IROM1 (Base: 0x00000000, Size: 0x00003f50, Max: 0x00080000, ABSOLUTE, COMPRESSED[0x00003e7c])

    Execution Region ER_IROM1 (Exec base: 0x00000000, Load base: 0x00000000, Size: 0x00003e24, Max: 0x00080000, ABSOLUTE)

    Exec Addr    Load Addr    Size         Type   Attr      Idx    E Section Name        Object

    0x00000000   0x00000000   0x00000200   Data   RO         3997    RESET               arm_startup_nrf52.o
    0x00000200   0x00000200   0x00000000   Code   RO         4038  * .ARM.Collect$$$$00000000  mc_w.l(entry.o)
    0x00000200   0x00000200   0x00000004   Code   RO         4083    .ARM.Collect$$$$00000001  mc_w.l(entry2.o)
    0x00000204   0x00000204   0x00000004   Code   RO         4086    .ARM.Collect$$$$00000004  mc_w.l(entry5.o)
    0x00000208   0x00000208   0x00000000   Code   RO         4088    .ARM.Collect$$$$00000008  mc_w.l(entry7b.o)
    0x00000208   0x00000208   0x00000000   Code   RO         4090    .ARM.Collect$$$$0000000A  mc_w.l(entry8b.o)
    0x00000208   0x00000208   0x00000008   Code   RO         4091    .ARM.Collect$$$$0000000B  mc_w.l(entry9a.o)
    0x00000210   0x00000210   0x00000000   Code   RO         4093    .ARM.Collect$$$$0000000D  mc_w.l(entry10a.o)
    0x00000210   0x00000210   0x00000000   Code   RO         4095    .ARM.Collect$$$$0000000F  mc_w.l(entry11a.o)
    0x00000210   0x00000210   0x00000004   Code   RO         4084    .ARM.Collect$$$$00002712  mc_w.l(entry2.o)
    0x00000214   0x00000214   0x000000e2   Code   RO         2242    .emb_text           nrf_atomic.o
    0x000002f6   0x000002f6   0x00000002   PAD
    0x000002f8   0x000002f8   0x00000024   Code   RO         3998    .text               arm_startup_nrf52.o
    0x0000031c   0x0000031c   0x0000001e   Code   RO         4043    .text               mc_w.l(llshl.o)
    0x0000033a   0x0000033a   0x00000002   PAD
    0x0000033c   0x0000033c   0x00000008   Code   RO         4045    .text               mc_w.l(ctype_o.o)
    0x00000344   0x00000344   0x00000024   Code   RO         4073    .text               mc_w.l(memcpya.o)
    0x00000368   0x00000368   0x00000024   Code   RO         4075    .text               mc_w.l(memseta.o)
    0x0000038c   0x0000038c   0x0000000e   Code   RO         4077    .text               mc_w.l(strlen.o)
    0x0000039a   0x0000039a   0x00000002   PAD
    0x0000039c   0x0000039c   0x00000024   Code   RO         4099    .text               mc_w.l(init.o)
    0x000003c0   0x000003c0   0x0000003a   Code   RO         4109    .text               mc_w.l(__dczerorl.o)
    0x000003fa   0x000003fa   0x00000002   PAD
    0x000003fc   0x000003fc   0x00000164   Code   RO          982    i.GPIOTE_IRQHandler  nrfx_gpiote.o
    0x00000560   0x00000560   0x00000016   Code   RO         1983    i.NVIC_ClearPendingIRQ  app_timer.o
    0x00000576   0x00000576   0x00000016   Code   RO         3688    i.NVIC_ClearPendingIRQ  nrf_esb.o
    0x0000058c   0x0000058c   0x00000016   Code   RO         3689    i.NVIC_DisableIRQ   nrf_esb.o
    0x000005a2   0x000005a2   0x00000016   Code   RO         1984    i.NVIC_EnableIRQ    app_timer.o
    0x000005b8   0x000005b8   0x00000016   Code   RO         3690    i.NVIC_EnableIRQ    nrf_esb.o
    0x000005ce   0x000005ce   0x00000016   Code   RO         1985    i.NVIC_SetPendingIRQ  app_timer.o
    0x000005e4   0x000005e4   0x00000016   Code   RO         3691    i.NVIC_SetPendingIRQ  nrf_esb.o
    0x000005fa   0x000005fa   0x00000020   Code   RO         1986    i.NVIC_SetPriority  app_timer.o
    0x0000061a   0x0000061a   0x00000020   Code   RO         3692    i.NVIC_SetPriority  nrf_esb.o
    0x0000063a   0x0000063a   0x00000002   PAD
    0x0000063c   0x0000063c   0x00000058   Code   RO          847    i.POWER_CLOCK_IRQHandler  nrfx_clock.o
    0x00000694   0x00000694   0x00000058   Code   RO         3693    i.QDEC_IRQHandler   nrf_esb.o
    0x000006ec   0x000006ec   0x0000005c   Code   RO         3694    i.RADIO_IRQHandler  nrf_esb.o
    0x00000748   0x00000748   0x00000024   Code   RO         1987    i.RTC1_IRQHandler   app_timer.o
    0x0000076c   0x0000076c   0x00000004   Code   RO         1988    i.SWI0_EGU0_IRQHandler  app_timer.o
    0x00000770   0x00000770   0x0000031c   Code   RO         4006    i.SystemInit        system_nrf52.o
    0x00000a8c   0x00000a8c   0x0000002c   Code   RO         3695    i.TIMER3_IRQHandler  nrf_esb.o
    0x00000ab8   0x00000ab8   0x0000000c   Code   RO         1518    i.UARTE0_UART0_IRQHandler  nrfx_prs.o
    0x00000ac4   0x00000ac4   0x0000000e   Code   RO         4103    i.__scatterload_copy  mc_w.l(handlers.o)
    0x00000ad2   0x00000ad2   0x00000002   Code   RO         4104    i.__scatterload_null  mc_w.l(handlers.o)
    0x00000ad4   0x00000ad4   0x0000000e   Code   RO         4105    i.__scatterload_zeroinit  mc_w.l(handlers.o)
    0x00000ae2   0x00000ae2   0x0000000c   Code   RO         3696    i.addr_conv         nrf_esb.o
    0x00000aee   0x00000aee   0x00000002   PAD
    0x00000af0   0x00000af0   0x00000024   Code   RO         1746    i.app_button_enable  app_button.o
    0x00000b14   0x00000b14   0x00000078   Code   RO         1747    i.app_button_init   app_button.o
    0x00000b8c   0x00000b8c   0x00000084   Code   RO         1895    i.app_error_fault_handler  app_error_weak.o
    0x00000c10   0x00000c10   0x00000016   Code   RO         1835    i.app_error_handler_bare  app_error.o
    0x00000c26   0x00000c26   0x00000002   PAD
    0x00000c28   0x00000c28   0x0000003c   Code   RO         2915    i.app_gpiote_init   app_gpiote.o
    0x00000c64   0x00000c64   0x00000024   Code   RO         1991    i.app_timer_create  app_timer.o
    0x00000c88   0x00000c88   0x00000054   Code   RO         1992    i.app_timer_init    app_timer.o
    0x00000cdc   0x00000cdc   0x00000080   Code   RO         1995    i.app_timer_start   app_timer.o
    0x00000d5c   0x00000d5c   0x00000020   Code   RO         1996    i.app_timer_stop    app_timer.o
    0x00000d7c   0x00000d7c   0x00000004   Code   RO         2153    i.app_util_critical_region_enter  app_util_platform.o
    0x00000d80   0x00000d80   0x00000004   Code   RO         2154    i.app_util_critical_region_exit  app_util_platform.o
    0x00000d84   0x00000d84   0x00000010   Code   RO         2155    i.app_util_disable_irq  app_util_platform.o
    0x00000d94   0x00000d94   0x00000014   Code   RO         2156    i.app_util_enable_irq  app_util_platform.o
    0x00000da8   0x00000da8   0x000000c8   Code   RO         3697    i.apply_address_workarounds  nrf_esb.o
    0x00000e70   0x00000e70   0x00000088   Code   RO         1327    i.apply_config      nrfx_uart.o
    0x00000ef8   0x00000ef8   0x00000088   Code   RO         1572    i.apply_config      nrfx_uarte.o
    0x00000f80   0x00000f80   0x00000088   Code   RO         3186    i.buf_prealloc      nrf_log_frontend.o
    0x00001008   0x00001008   0x0000001e   Code   RO         2457    i.buffer_add        nrf_fprintf_format.o
    0x00001026   0x00001026   0x00000002   PAD
    0x00001028   0x00001028   0x00000014   Code   RO         3187    i.buffer_is_empty   nrf_log_frontend.o
    0x0000103c   0x0000103c   0x00000058   Code   RO            4    i.button_handler    main.o
    0x00001094   0x00001094   0x0000000a   Code   RO         3698    i.bytewise_bit_swap  nrf_esb.o
    0x0000109e   0x0000109e   0x00000002   PAD
    0x000010a0   0x000010a0   0x0000001c   Code   RO          983    i.channel_free      nrfx_gpiote.o
    0x000010bc   0x000010bc   0x00000048   Code   RO          984    i.channel_port_alloc  nrfx_gpiote.o
    0x00001104   0x00001104   0x00000010   Code   RO          985    i.channel_port_get  nrfx_gpiote.o
    0x00001114   0x00001114   0x0000000a   Code   RO            5    i.clocks_ex         main.o
    0x0000111e   0x0000111e   0x00000002   PAD
    0x00001120   0x00001120   0x000000ac   Code   RO         1998    i.compare_reg_update  app_timer.o
    0x000011cc   0x000011cc   0x00000098   Code   RO         1749    i.detection_delay_timeout_handler  app_button.o
    0x00001264   0x00001264   0x00000014   Code   RO         3188    i.dropped_sat16_get  nrf_log_frontend.o
    0x00001278   0x00001278   0x00000040   Code   RO         1999    i.elapsed_ticks_acquire  app_timer.o
    0x000012b8   0x000012b8   0x00000090   Code   RO            6    i.esb_init          main.o
    0x00001348   0x00001348   0x00000084   Code   RO         1750    i.gpiote_event_handler  app_button.o
    0x000013cc   0x000013cc   0x0000001a   Code   RO            7    i.hclocks_start     main.o
    0x000013e6   0x000013e6   0x00000002   PAD
    0x000013e8   0x000013e8   0x000000a6   Code   RO         2458    i.int_print         nrf_fprintf_format.o
    0x0000148e   0x0000148e   0x00000002   PAD
    0x00001490   0x00001490   0x00000080   Code   RO         1573    i.interrupts_enable  nrfx_uarte.o
    0x00001510   0x00001510   0x00000034   Code   RO         3189    i.invalid_packets_omit  nrf_log_frontend.o
    0x00001544   0x00001544   0x0000001a   Code   RO            8    i.lclocks_start     main.o
    0x0000155e   0x0000155e   0x00000002   PAD
    0x00001560   0x00001560   0x000000f8   Code   RO         2000    i.list_insertions_handler  app_timer.o
    0x00001658   0x00001658   0x0000009c   Code   RO         3190    i.log_skip          nrf_log_frontend.o
    0x000016f4   0x000016f4   0x00000034   Code   RO            9    i.main              main.o
    0x00001728   0x00001728   0x0000007e   Code   RO         2497    i.memobj_op         nrf_memobj.o
    0x000017a6   0x000017a6   0x00000002   PAD
    0x000017a8   0x000017a8   0x00000030   Code   RO         3191    i.module_idx_get    nrf_log_frontend.o
    0x000017d8   0x000017d8   0x00000006   Code   RO         2244    i.nrf_atomic_flag_clear_fetch  nrf_atomic.o
    0x000017de   0x000017de   0x00000006   Code   RO         2245    i.nrf_atomic_flag_set  nrf_atomic.o
    0x000017e4   0x000017e4   0x0000000c   Code   RO         2247    i.nrf_atomic_u32_add  nrf_atomic.o
    0x000017f0   0x000017f0   0x0000000a   Code   RO         2251    i.nrf_atomic_u32_fetch_and  nrf_atomic.o
    0x000017fa   0x000017fa   0x0000000a   Code   RO         2253    i.nrf_atomic_u32_fetch_store  nrf_atomic.o
    0x00001804   0x00001804   0x0000000c   Code   RO         2257    i.nrf_atomic_u32_or  nrf_atomic.o
    0x00001810   0x00001810   0x0000000c   Code   RO         2259    i.nrf_atomic_u32_sub  nrf_atomic.o
    0x0000181c   0x0000181c   0x0000003e   Code   RO         2381    i.nrf_balloc_alloc  nrf_balloc.o
    0x0000185a   0x0000185a   0x0000002a   Code   RO         2382    i.nrf_balloc_free   nrf_balloc.o
    0x00001884   0x00001884   0x00000010   Code   RO          986    i.nrf_bitmask_bit_is_set  nrfx_gpiote.o
    0x00001894   0x00001894   0x00000014   Code   RO          987    i.nrf_bitmask_bit_set  nrfx_gpiote.o
    0x000018a8   0x000018a8   0x0000000e   Code   RO          848    i.nrf_clock_event_check  nrfx_clock.o
    0x000018b6   0x000018b6   0x00000010   Code   RO          849    i.nrf_clock_event_clear  nrfx_clock.o
    0x000018c6   0x000018c6   0x00000002   PAD
    0x000018c8   0x000018c8   0x00000068   Code   RO         1275    i.nrf_drv_uart_init  nrf_drv_uart.o
    0x00001930   0x00001930   0x00000044   Code   RO         3700    i.nrf_esb_disable   nrf_esb.o
    0x00001974   0x00001974   0x0000001a   Code   RO           10    i.nrf_esb_event_handler  main.o
    0x0000198e   0x0000198e   0x00000002   PAD
    0x00001990   0x00001990   0x00000030   Code   RO         3703    i.nrf_esb_flush_tx  nrf_esb.o
    0x000019c0   0x000019c0   0x0000016c   Code   RO         3705    i.nrf_esb_init      nrf_esb.o
    0x00001b2c   0x00001b2c   0x00000070   Code   RO         3711    i.nrf_esb_set_base_address_0  nrf_esb.o
    0x00001b9c   0x00001b9c   0x0000009c   Code   RO         3712    i.nrf_esb_set_base_address_1  nrf_esb.o
    0x00001c38   0x00001c38   0x0000009c   Code   RO         3714    i.nrf_esb_set_prefixes  nrf_esb.o
    0x00001cd4   0x00001cd4   0x00000020   Code   RO         3717    i.nrf_esb_set_rf_channel  nrf_esb.o
    0x00001cf4   0x00001cf4   0x00000044   Code   RO         3719    i.nrf_esb_skip_tx   nrf_esb.o
    0x00001d38   0x00001d38   0x00000028   Code   RO         3721    i.nrf_esb_start_tx  nrf_esb.o
    0x00001d60   0x00001d60   0x000000ac   Code   RO         3725    i.nrf_esb_write_payload  nrf_esb.o
    0x00001e0c   0x00001e0c   0x0000001a   Code   RO         2418    i.nrf_fprintf       nrf_fprintf.o
    0x00001e26   0x00001e26   0x00000018   Code   RO         2419    i.nrf_fprintf_buffer_flush  nrf_fprintf.o
    0x00001e3e   0x00001e3e   0x000001da   Code   RO         2459    i.nrf_fprintf_fmt   nrf_fprintf_format.o
    0x00002018   0x00002018   0x00000024   Code   RO          988    i.nrf_gpio_cfg      nrfx_gpiote.o
    0x0000203c   0x0000203c   0x00000024   Code   RO         1328    i.nrf_gpio_cfg      nrfx_uart.o
    0x00002060   0x00002060   0x00000024   Code   RO         1574    i.nrf_gpio_cfg      nrfx_uarte.o
    0x00002084   0x00002084   0x00000012   Code   RO         1329    i.nrf_gpio_cfg_default  nrfx_uart.o
    0x00002096   0x00002096   0x00000012   Code   RO         1575    i.nrf_gpio_cfg_default  nrfx_uarte.o
    0x000020a8   0x000020a8   0x00000012   Code   RO         1330    i.nrf_gpio_cfg_input  nrfx_uart.o
    0x000020ba   0x000020ba   0x00000012   Code   RO         1576    i.nrf_gpio_cfg_input  nrfx_uarte.o
    0x000020cc   0x000020cc   0x00000014   Code   RO         1331    i.nrf_gpio_cfg_output  nrfx_uart.o
    0x000020e0   0x000020e0   0x00000014   Code   RO         1577    i.nrf_gpio_cfg_output  nrfx_uarte.o
    0x000020f4   0x000020f4   0x00000022   Code   RO          990    i.nrf_gpio_cfg_sense_set  nrfx_gpiote.o
    0x00002116   0x00002116   0x00000002   PAD
    0x00002118   0x00002118   0x00000028   Code   RO          991    i.nrf_gpio_ports_read  nrfx_gpiote.o
    0x00002140   0x00002140   0x00000014   Code   RO          992    i.nrf_gpiote_event_clear  nrfx_gpiote.o
    0x00002154   0x00002154   0x00000010   Code   RO          993    i.nrf_gpiote_event_is_set  nrfx_gpiote.o
    0x00002164   0x00002164   0x000000c8   Code   RO         3043    i.nrf_log_backend_serial_put  nrf_log_backend_serial.o
    0x0000222c   0x0000222c   0x00000002   Code   RO         3083    i.nrf_log_backend_uart_flush  nrf_log_backend_uart.o
    0x0000222e   0x0000222e   0x00000002   PAD
    0x00002230   0x00002230   0x0000002c   Code   RO         3085    i.nrf_log_backend_uart_panic_set  nrf_log_backend_uart.o
    0x0000225c   0x0000225c   0x00000018   Code   RO         3086    i.nrf_log_backend_uart_put  nrf_log_backend_uart.o
    0x00002274   0x00002274   0x00000030   Code   RO         3194    i.nrf_log_color_id_get  nrf_log_frontend.o
    0x000022a4   0x000022a4   0x00000230   Code   RO         3195    i.nrf_log_frontend_dequeue  nrf_log_frontend.o
    0x000024d4   0x000024d4   0x00000008   Code   RO         3197    i.nrf_log_frontend_std_0  nrf_log_frontend.o
    0x000024dc   0x000024dc   0x000000ac   Code   RO         3372    i.nrf_log_hexdump_entry_process  nrf_log_str_formatter.o
    0x00002588   0x00002588   0x00000014   Code   RO         3205    i.nrf_log_module_cnt_get  nrf_log_frontend.o
    0x0000259c   0x0000259c   0x0000001c   Code   RO         3208    i.nrf_log_module_name_get  nrf_log_frontend.o
    0x000025b8   0x000025b8   0x0000002c   Code   RO         3209    i.nrf_log_panic     nrf_log_frontend.o
    0x000025e4   0x000025e4   0x000000b6   Code   RO         3373    i.nrf_log_std_entry_process  nrf_log_str_formatter.o
    0x0000269a   0x0000269a   0x00000060   Code   RO         2498    i.nrf_memobj_alloc  nrf_memobj.o
    0x000026fa   0x000026fa   0x00000032   Code   RO         2499    i.nrf_memobj_free   nrf_memobj.o
    0x0000272c   0x0000272c   0x00000008   Code   RO         2500    i.nrf_memobj_get    nrf_memobj.o
    0x00002734   0x00002734   0x0000001e   Code   RO         2502    i.nrf_memobj_put    nrf_memobj.o
    0x00002752   0x00002752   0x00000010   Code   RO         2503    i.nrf_memobj_read   nrf_memobj.o
    0x00002762   0x00002762   0x00000010   Code   RO         2504    i.nrf_memobj_write  nrf_memobj.o
    0x00002772   0x00002772   0x0000000a   Code   RO         1332    i.nrf_uart_event_check  nrfx_uart.o
    0x0000277c   0x0000277c   0x0000000c   Code   RO         1333    i.nrf_uart_event_clear  nrfx_uart.o
    0x00002788   0x00002788   0x0000000c   Code   RO         1334    i.nrf_uart_int_enable_check  nrfx_uart.o
    0x00002794   0x00002794   0x0000000a   Code   RO         1578    i.nrf_uarte_event_check  nrfx_uarte.o
    0x0000279e   0x0000279e   0x0000000c   Code   RO         1579    i.nrf_uarte_event_clear  nrfx_uarte.o
    0x000027aa   0x000027aa   0x00000002   PAD
    0x000027ac   0x000027ac   0x00000010   Code   RO         2001    i.nrfx_coredep_delay_us  app_timer.o
    0x000027bc   0x000027bc   0x000000a4   Code   RO          998    i.nrfx_gpiote_in_event_enable  nrfx_gpiote.o
    0x00002860   0x00002860   0x000000d0   Code   RO          999    i.nrfx_gpiote_in_init  nrfx_gpiote.o
    0x00002930   0x00002930   0x00000014   Code   RO         1000    i.nrfx_gpiote_in_is_set  nrfx_gpiote.o
    0x00002944   0x00002944   0x00000070   Code   RO         1002    i.nrfx_gpiote_init  nrfx_gpiote.o
    0x000029b4   0x000029b4   0x00000014   Code   RO         1003    i.nrfx_gpiote_is_init  nrfx_gpiote.o
    0x000029c8   0x000029c8   0x00000010   Code   RO         1580    i.nrfx_is_in_ram    nrfx_uarte.o
    0x000029d8   0x000029d8   0x00000030   Code   RO         1519    i.nrfx_prs_acquire  nrfx_prs.o
    0x00002a08   0x00002a08   0x00000012   Code   RO         1520    i.nrfx_prs_release  nrfx_prs.o
    0x00002a1a   0x00002a1a   0x00000002   PAD
    0x00002a1c   0x00002a1c   0x00000010   Code   RO         1335    i.nrfx_uart_0_irq_handler  nrfx_uart.o
    0x00002a2c   0x00002a2c   0x000000d4   Code   RO         1337    i.nrfx_uart_init    nrfx_uart.o
    0x00002b00   0x00002b00   0x000000a4   Code   RO         1343    i.nrfx_uart_tx      nrfx_uart.o
    0x00002ba4   0x00002ba4   0x00000020   Code   RO         1345    i.nrfx_uart_tx_in_progress  nrfx_uart.o
    0x00002bc4   0x00002bc4   0x000000b4   Code   RO         1346    i.nrfx_uart_uninit  nrfx_uart.o
    0x00002c78   0x00002c78   0x00000010   Code   RO         1581    i.nrfx_uarte_0_irq_handler  nrfx_uarte.o
    0x00002c88   0x00002c88   0x0000006c   Code   RO         1583    i.nrfx_uarte_init   nrfx_uarte.o
    0x00002cf4   0x00002cf4   0x00000090   Code   RO         1587    i.nrfx_uarte_tx     nrfx_uarte.o
    0x00002d84   0x00002d84   0x0000001c   Code   RO         1589    i.nrfx_uarte_tx_in_progress  nrfx_uarte.o
    0x00002da0   0x00002da0   0x000000b0   Code   RO         1590    i.nrfx_uarte_uninit  nrfx_uarte.o
    0x00002e50   0x00002e50   0x00000080   Code   RO         3728    i.on_radio_disabled_tx  nrf_esb.o
    0x00002ed0   0x00002ed0   0x0000003c   Code   RO         3729    i.on_radio_disabled_tx_noack  nrf_esb.o
    0x00002f0c   0x00002f0c   0x00000134   Code   RO         3730    i.on_radio_disabled_tx_wait_for_ack  nrf_esb.o
    0x00003040   0x00003040   0x00000018   Code   RO         1019    i.pin_in_use_by_port  nrfx_gpiote.o
    0x00003058   0x00003058   0x00000018   Code   RO         1020    i.pin_in_use_by_te  nrfx_gpiote.o
    0x00003070   0x00003070   0x0000003c   Code   RO         3375    i.postfix_process   nrf_log_str_formatter.o
    0x000030ac   0x000030ac   0x00000098   Code   RO         3376    i.prefix_process    nrf_log_str_formatter.o
    0x00003144   0x00003144   0x00000018   Code   RO         1521    i.prs_box_get       nrfx_prs.o
    0x0000315c   0x0000315c   0x0000001c   Code   RO         3731    i.reset_fifos       nrf_esb.o
    0x00003178   0x00003178   0x0000003c   Code   RO         2002    i.rtc1_stop         app_timer.o
    0x000031b4   0x000031b4   0x00000032   Code   RO         1347    i.rx_byte           nrfx_uart.o
    0x000031e6   0x000031e6   0x00000016   Code   RO         1348    i.rx_done_event     nrfx_uart.o
    0x000031fc   0x000031fc   0x00000018   Code   RO         1591    i.rx_done_event     nrfx_uarte.o
    0x00003214   0x00003214   0x00000098   Code   RO         3732    i.rx_fifo_push_rfbuf  nrf_esb.o
    0x000032ac   0x000032ac   0x00000040   Code   RO         3087    i.serial_tx         nrf_log_backend_uart.o
    0x000032ec   0x000032ec   0x00000114   Code   RO         3733    i.start_tx_transaction  nrf_esb.o
    0x00003400   0x00003400   0x0000008c   Code   RO         3211    i.std_n             nrf_log_frontend.o
    0x0000348c   0x0000348c   0x00000080   Code   RO         2003    i.timer_list_handler  app_timer.o
    0x0000350c   0x0000350c   0x0000003c   Code   RO         2004    i.timer_list_insert  app_timer.o
    0x00003548   0x00003548   0x00000060   Code   RO         2005    i.timer_list_remove  app_timer.o
    0x000035a8   0x000035a8   0x00000040   Code   RO         2006    i.timer_stop_op_schedule  app_timer.o
    0x000035e8   0x000035e8   0x00000074   Code   RO         2007    i.timer_timeouts_check  app_timer.o
    0x0000365c   0x0000365c   0x00000020   Code   RO         1350    i.tx_byte           nrfx_uart.o
    0x0000367c   0x0000367c   0x0000001a   Code   RO         1351    i.tx_done_event     nrfx_uart.o
    0x00003696   0x00003696   0x00000002   PAD
    0x00003698   0x00003698   0x00000030   Code   RO         1276    i.uart_evt_handler  nrf_drv_uart.o
    0x000036c8   0x000036c8   0x0000000c   Code   RO         3088    i.uart_evt_handler  nrf_log_backend_uart.o
    0x000036d4   0x000036d4   0x00000050   Code   RO         3089    i.uart_init         nrf_log_backend_uart.o
    0x00003724   0x00003724   0x00000128   Code   RO         1352    i.uart_irq_handler  nrfx_uart.o
    0x0000384c   0x0000384c   0x00000030   Code   RO         1277    i.uarte_evt_handler  nrf_drv_uart.o
    0x0000387c   0x0000387c   0x000000f4   Code   RO         1592    i.uarte_irq_handler  nrfx_uarte.o
    0x00003970   0x00003970   0x000000b4   Code   RO         2460    i.unsigned_print    nrf_fprintf_format.o
    0x00003a24   0x00003a24   0x00000050   Code   RO         3734    i.update_radio_addresses  nrf_esb.o
    0x00003a74   0x00003a74   0x00000038   Code   RO         3735    i.update_radio_bitrate  nrf_esb.o
    0x00003aac   0x00003aac   0x00000088   Code   RO         3736    i.update_radio_parameters  nrf_esb.o
    0x00003b34   0x00003b34   0x00000014   Code   RO         3737    i.update_radio_tx_power  nrf_esb.o
    0x00003b48   0x00003b48   0x0000002c   Code   RO         3738    i.update_rf_payload_format_esb  nrf_esb.o
    0x00003b74   0x00003b74   0x0000002c   Code   RO         3739    i.update_rf_payload_format_esb_dpl  nrf_esb.o
    0x00003ba0   0x00003ba0   0x00000030   Code   RO         2008    i.user_op_alloc     app_timer.o
    0x00003bd0   0x00003bd0   0x00000048   Data   RO           15    .constdata          main.o
    0x00003c18   0x00003c18   0x00000004   Data   RO         1022    .constdata          nrfx_gpiote.o
    0x00003c1c   0x00003c1c   0x00000004   Data   RO         1355    .constdata          nrfx_uart.o
    0x00003c20   0x00003c20   0x00000004   Data   RO         1595    .constdata          nrfx_uarte.o
    0x00003c24   0x00003c24   0x00000008   Data   RO         1752    .constdata          app_button.o
    0x00003c2c   0x00003c2c   0x00000004   PAD
    0x00003c30   0x00003c30   0x00000006   Data   RO         2010    .constdata          app_timer.o
    0x00003c36   0x00003c36   0x00000010   Data   RO         2461    .constdata          nrf_fprintf_format.o
    0x00003c46   0x00003c46   0x00000002   PAD
    0x00003c48   0x00003c48   0x0000000c   Data   RO         3091    .constdata          nrf_log_backend_uart.o
    0x00003c54   0x00003c54   0x00000020   Data   RO         3092    .constdata          nrf_log_backend_uart.o
    0x00003c74   0x00003c74   0x00000081   Data   RO         4046    .constdata          mc_w.l(ctype_o.o)
    0x00003cf5   0x00003cf5   0x00000003   PAD
    0x00003cf8   0x00003cf8   0x00000004   Data   RO         4047    .constdata          mc_w.l(ctype_o.o)
    0x00003cfc   0x00003cfc   0x00000066   Data   RO         3377    .conststring        nrf_log_str_formatter.o
    0x00003d62   0x00003d62   0x00000002   PAD
    0x00003d64   0x00003d64   0x00000006   Data   RO          617    .conststrlit        nrf_drv_clock.o
    0x00003d6a   0x00003d6a   0x00000002   PAD
    0x00003d6c   0x00003d6c   0x00000006   Data   RO          864    .conststrlit        nrfx_clock.o
    0x00003d72   0x00003d72   0x00000002   PAD
    0x00003d74   0x00003d74   0x00000007   Data   RO         1026    .conststrlit        nrfx_gpiote.o
    0x00003d7b   0x00003d7b   0x00000001   PAD
    0x00003d7c   0x00003d7c   0x00000005   Data   RO         1358    .conststrlit        nrfx_uart.o
    0x00003d81   0x00003d81   0x00000003   PAD
    0x00003d84   0x00003d84   0x00000004   Data   RO         1523    .conststrlit        nrfx_prs.o
    0x00003d88   0x00003d88   0x00000006   Data   RO         1598    .conststrlit        nrfx_uarte.o
    0x00003d8e   0x00003d8e   0x00000002   PAD
    0x00003d90   0x00003d90   0x00000011   Data   RO         3151    .conststrlit        nrf_log_default_backends.o
    0x00003da1   0x00003da1   0x00000003   PAD
    0x00003da4   0x00003da4   0x00000004   Data   RO         3217    .conststrlit        nrf_log_frontend.o
    0x00003da8   0x00003da8   0x00000020   Data   RO         4101    Region$$Table       anon$$obj.o
    0x00003dc8   0x00003dc8   0x00000010   Data   RO         3153    log_backends        nrf_log_default_backends.o
    0x00003dd8   0x00003dd8   0x00000008   Data   RO          618    log_const_data      nrf_drv_clock.o
    0x00003de0   0x00003de0   0x00000008   Data   RO          866    log_const_data      nrfx_clock.o
    0x00003de8   0x00003de8   0x00000008   Data   RO         1027    log_const_data      nrfx_gpiote.o
    0x00003df0   0x00003df0   0x00000008   Data   RO         1359    log_const_data      nrfx_uart.o
    0x00003df8   0x00003df8   0x00000008   Data   RO         1525    log_const_data      nrfx_prs.o
    0x00003e00   0x00003e00   0x00000008   Data   RO         1599    log_const_data      nrfx_uarte.o
    0x00003e08   0x00003e08   0x00000008   Data   RO         3220    log_const_data      nrf_log_frontend.o
    0x00003e10   0x00003e10   0x00000014   Data   RO         3221    nrf_balloc          nrf_log_frontend.o


    Execution Region RW_IRAM1 (Exec base: 0x20000000, Load base: 0x00003e24, Size: 0x00002db0, Max: 0x00010000, ABSOLUTE, COMPRESSED[0x00000058])

    Exec Addr    Load Addr    Size         Type   Attr      Idx    E Section Name        Object

    0x20000000   COMPRESSED   0x00000008   Data   RW           16    .data               main.o
    0x20000008   COMPRESSED   0x00000008   Data   RW          865    .data               nrfx_clock.o
    0x20000010   COMPRESSED   0x0000000c   Data   RW         1278    .data               nrf_drv_uart.o
    0x2000001c   COMPRESSED   0x00000008   Data   RW         1524    .data               nrfx_prs.o
    0x20000024   COMPRESSED   0x00000004   PAD
    0x20000028   COMPRESSED   0x00000020   Data   RW         1753    .data               app_button.o
    0x20000048   COMPRESSED   0x00000014   Data   RW         2011    .data               app_timer.o
    0x2000005c   COMPRESSED   0x00000004   Data   RW         2159    .data               app_util_platform.o
    0x20000060   COMPRESSED   0x00000010   Data   RW         2930    .data               app_gpiote.o
    0x20000070   COMPRESSED   0x00000018   Data   RW         3093    .data               nrf_log_backend_uart.o
    0x20000088   COMPRESSED   0x00000008   Data   RW         3152    .data               nrf_log_default_backends.o
    0x20000090   COMPRESSED   0x00000008   Data   RW         3218    .data               nrf_log_frontend.o
    0x20000098   COMPRESSED   0x00000008   Data   RW         3219    .data               nrf_log_frontend.o
    0x200000a0   COMPRESSED   0x00000040   Data   RW         3378    .data               nrf_log_str_formatter.o
    0x200000e0   COMPRESSED   0x00000048   Data   RW         3741    .data               nrf_esb.o
    0x20000128   COMPRESSED   0x00000004   Data   RW         4007    .data               system_nrf52.o
    0x2000012c        -       0x00000020   Zero   RW           13    .bss                main.o
    0x2000014c        -       0x0000023d   Zero   RW           14    .bss                main.o
    0x20000389   COMPRESSED   0x00000003   PAD
    0x2000038c        -       0x0000005c   Zero   RW         1021    .bss                nrfx_gpiote.o
    0x200003e8        -       0x0000002c   Zero   RW         1353    .bss                nrfx_uart.o
    0x20000414        -       0x00000024   Zero   RW         1593    .bss                nrfx_uarte.o
    0x20000438        -       0x00000020   Zero   RW         1751    .bss                app_button.o
    0x20000458        -       0x0000010c   Zero   RW         2009    .bss                app_timer.o
    0x20000564        -       0x00000040   Zero   RW         3090    .bss                nrf_log_backend_uart.o
    0x200005a4        -       0x000000c0   Zero   RW         3212    .bss                nrf_log_frontend.o
    0x20000664        -       0x00000424   Zero   RW         3215    .bss                nrf_log_frontend.o
    0x20000a88        -       0x00000324   Zero   RW         3740    .bss                nrf_esb.o
    0x20000dac   COMPRESSED   0x00000004   PAD
    0x20000db0        -       0x00002000   Zero   RW         3995    STACK               arm_startup_nrf52.o


==============================================================================

Image component sizes


      Code (inc. data)   RO Data    RW Data    ZI Data      Debug   Object Name

       440         36          8         32         32      43402   app_button.o
        22          0          0          0          0       2465   app_error.o
       132         46          0          0          0      27397   app_error_weak.o
        60          4          0         16          0      10902   app_gpiote.o
         0          0          0          0          0      36690   app_scheduler.o
      1490        120          6         20        268      48519   app_timer.o
         0          0          0          0          0      11120   app_uart_fifo.o
        44         10          0          4          0       3380   app_util_platform.o
        36          8        512          0       8192        932   arm_startup_nrf52.o
         0          0          0          0          0        524   boards.o
       372         40         72          8        605      74865   main.o
       294          0          0          0          0       7931   nrf_atomic.o
       104          0          0          0          0       2794   nrf_balloc.o
         0          0         14          0          0       5606   nrf_drv_clock.o
       200         26          0         12          0      17924   nrf_drv_uart.o
      3114        416          0         72        804      29168   nrf_esb.o
        50          0          0          0          0       3557   nrf_fprintf.o
       850          4         16          0          0       5510   nrf_fprintf_format.o
       200          0          0          0          0      11577   nrf_log_backend_serial.o
       226         44         44         24         64       9374   nrf_log_backend_uart.o
         0          0         33          8          0       2529   nrf_log_default_backends.o
      1280         96         32         16       1252      25959   nrf_log_frontend.o
       566        108        102         64          0       5660   nrf_log_str_formatter.o
       342          0          0          0          0       7476   nrf_memobj.o
         0          0          0          0          0       1472   nrf_nvic.o
         0          0          0          0          0       1096   nrf_ringbuf.o
       118          6         14          8          0      35404   nrfx_clock.o
      1226         92         19          0         92      58727   nrfx_gpiote.o
       102         16         12          8          0       4496   nrfx_prs.o
      1292         40         17          0         44      31365   nrfx_uart.o
      1134         44         18          0         36      24475   nrfx_uarte.o
       796         70          0          4          0       2963   system_nrf52.o

    ----------------------------------------------------------------------
     14526       1226        972        300      11396     555259   Object Totals
         0          0         32          0          0          0   (incl. Generated)
        36          0         21          4          7          0   (incl. Padding)

    ----------------------------------------------------------------------

      Code (inc. data)   RO Data    RW Data    ZI Data      Debug   Library Member Name

        58          0          0          0          0          0   __dczerorl.o
         8          4        133          0          0         68   ctype_o.o
         0          0          0          0          0          0   entry.o
         0          0          0          0          0          0   entry10a.o
         0          0          0          0          0          0   entry11a.o
         8          4          0          0          0          0   entry2.o
         4          0          0          0          0          0   entry5.o
         0          0          0          0          0          0   entry7b.o
         0          0          0          0          0          0   entry8b.o
         8          4          0          0          0          0   entry9a.o
        30          0          0          0          0          0   handlers.o
        36          8          0          0          0         68   init.o
        30          0          0          0          0         68   llshl.o
        36          0          0          0          0         68   memcpya.o
        36          0          0          0          0        108   memseta.o
        14          0          0          0          0         68   strlen.o

    ----------------------------------------------------------------------
       274         20        136          0          0        448   Library Totals
         6          0          3          0          0          0   (incl. Padding)

    ----------------------------------------------------------------------

      Code (inc. data)   RO Data    RW Data    ZI Data      Debug   Library Name

       268         20        133          0          0        448   mc_w.l

    ----------------------------------------------------------------------
       274         20        136          0          0        448   Library Totals

    ----------------------------------------------------------------------

==============================================================================


      Code (inc. data)   RO Data    RW Data    ZI Data      Debug   

     14800       1246       1108        300      11396     538287   Grand Totals
     14800       1246       1108         88      11396     538287   ELF Image Totals (compressed)
     14800       1246       1108         88          0          0   ROM Totals

==============================================================================

    Total RO  Size (Code + RO Data)                15908 (  15.54kB)
    Total RW  Size (RW Data + ZI Data)             11696 (  11.42kB)
    Total ROM Size (Code + RO Data + RW Data)      15996 (  15.62kB)

==============================================================================

